nohup: ignoring input
Traceback (most recent call last):
  File "/home/seth/wp2_t2_startup_integrity_boundary_hardened.py", line 387, in <module>
    main()
    ~~~~^^
  File "/home/seth/wp2_t2_startup_integrity_boundary_hardened.py", line 373, in main
    SPENT = load_state()
  File "/home/seth/wp2_t2_startup_integrity_boundary_hardened.py", line 73, in load_state
    raw = json.loads(SPENT_STATE_PATH.read_text(encoding="utf-8"))
                     ~~~~~~~~~~~~~~~~~~~~~~~~~~^^^^^^^^^^^^^^^^^^
  File "/usr/lib/python3.13/pathlib/_local.py", line 548, in read_text
    return PathBase.read_text(self, encoding, errors, newline)
           ~~~~~~~~~~~~~~~~~~^^^^^^^^^^^^^^^^^^^^^^^^^^^^^^^^^
  File "/usr/lib/python3.13/pathlib/_abc.py", line 632, in read_text
    with self.open(mode='r', encoding=encoding, errors=errors, newline=newline) as f:
         ~~~~~~~~~^^^^^^^^^^^^^^^^^^^^^^^^^^^^^^^^^^^^^^^^^^^^^^^^^^^^^^^^^^^^^
  File "/usr/lib/python3.13/pathlib/_local.py", line 539, in open
    return io.open(self, mode, buffering, encoding, errors, newline)
           ~~~~~~~^^^^^^^^^^^^^^^^^^^^^^^^^^^^^^^^^^^^^^^^^^^^^^^^^^
PermissionError: [Errno 13] Permission denied: '/home/seth/WP2_T2_spent_state.json'
