[0;32mI (157484) wifi:<ba-add>idx:0 (ifx:0, 20:e1:5d:fb:63:8a), tid:0, ssn:0, winSize:64[0m
[0;32mI (157804) ESP_LOCAL_007: 007_CLIENT_ACCEPTED 192.168.0.50:65399 fd=55[0m
[0;32mI (157804) ESP_LOCAL_007: 007_CLIENT_READY fd=55[0m
[0;32mI (157814) ESP_LOCAL_007: 007_CLIENT_ACCEPTED 192.168.0.50:65400 fd=56[0m
[0;32mI (157814) ESP_LOCAL_007: 007_CLIENT_READY fd=56[0m
[0;32mI (157824) ESP_LOCAL_007: 007_CLIENT_REQUEST_RECEIVED fd=55[0m
[0;32mI (157824) ESP_LOCAL_007: 007_CLIENT_REQUEST_RECEIVED fd=56[0m
[0;32mI (157874) ESP_LOCAL_007: 006_SIGNATURE_VALID[0m
[0;32mI (157874) ESP_LOCAL_007: 006_SEMANTIC_ADMISSIBILITY_PASS[0m
[0;33mW (157884) ESP_LOCAL_007: 006_DENY_AUTHORITY_STATE_MISMATCH[0m
[0;32mI (157884) ESP_LOCAL_007: 007_CLIENT_COMPLETE fd=55 result=authority_state_mismatch[0m
[0;32mI (157884) ESP_LOCAL_007: 006_SIGNATURE_VALID[0m
[0;32mI (157894) ESP_LOCAL_007: 006_SEMANTIC_ADMISSIBILITY_PASS[0m
[0;33mW (157904) ESP_LOCAL_007: 006_DENY_AUTHORITY_STATE_MISMATCH[0m
[0;32mI (157904) ESP_LOCAL_007: 007_CLIENT_COMPLETE fd=56 result=authority_state_mismatch[0m
[0;32mI (648374) ESP_LOCAL_007: 007_CLIENT_ACCEPTED 192.168.0.50:62873 fd=55[0m
[0;32mI (648374) ESP_LOCAL_007: 007_CLIENT_READY fd=55[0m
[0;32mI (648384) ESP_LOCAL_007: 007_CLIENT_ACCEPTED 192.168.0.50:62874 fd=56[0m
[0;32mI (648384) ESP_LOCAL_007: 007_CLIENT_READY fd=56[0m
[0;32mI (648394) ESP_LOCAL_007: 007_CLIENT_REQUEST_RECEIVED fd=56[0m
[0;32mI (648394) ESP_LOCAL_007: 007_CLIENT_REQUEST_RECEIVED fd=55[0m
[0;32mI (648444) ESP_LOCAL_007: 006_SIGNATURE_VALID[0m
[0;32mI (648444) ESP_LOCAL_007: 006_SEMANTIC_ADMISSIBILITY_PASS[0m
[0;32mI (648444) ESP_LOCAL_007: 006_AUTHORITY_UNSPENT_PASS[0m
[0;32mI (648454) ESP_LOCAL_007: 006_SIGNATURE_VALID[0m
[0;32mI (648454) ESP_LOCAL_007: 006_SEMANTIC_ADMISSIBILITY_PASS[0m
[1;31mE (648464) ESP_LOCAL_007: Unable to read authority state: ESP_ERR_NVS_INVALID_HANDLE[0m
[0;33mW (648464) ESP_LOCAL_007: 006_DENY_STATE_INVALID[0m
[0;32mI (648474) ESP_LOCAL_007: 006_DURABLE_SPENT_REREAD_PASS[0m
[0;32mI (648474) ESP_LOCAL_007: 007_CLIENT_COMPLETE fd=55 result=state_invalid[0m
[0;32mI (648474) ESP_LOCAL_007: 006_PWM_COMMAND_BEGIN[0m
[0;32mI (649484) ESP_LOCAL_007: 006_PWM_COMMAND_END[0m
[0;32mI (649484) ESP_LOCAL_007: 006_ACCEPT_EXECUTED[0m
[0;32mI (649484) ESP_LOCAL_007: 007_CLIENT_COMPLETE fd=56 result=accepted[0m
