=== SERVICES ===
    PID STAT COMMAND
   1909 S    python3 -u /home/seth/nuvl_local_hardened_latency.py
   1910 S    python3 -u /home/seth/multi_endpoint_coordinator_v2.py
=== BOUNDARY HEALTH ===
ok
=== COORDINATOR HEALTH ===
{"current_result_count":3,"current_run_id":"18c7413b5dd7a9c4","service":"multi_endpoint_coordinator","status":"ok"}
=== BOUNDARY LOG ===
XER0TRUST NUVL LOCAL BOUNDARY HARNESS
Listening on port 8089
Health:  GET  /health
NUVL:    POST /nuvl
Compat:  POST /request
Latency instrumentation: enabled
Waiting for ESP32 field-node request...
TERM environment variable not set.
XER0TRUST NUVL LOCAL BOUNDARY HARNESS
========================================================
REQUEST RECEIVED AT LOCAL NUVL BOUNDARY

path: /nuvl
device_id: esp32-s3-02
context: field_led_demo
action: accept
nonce: esp32-s3-02-18c740cac9372350-89848244

BOUNDED REQUEST REPRESENTATION
request_repr: 61bbe6f17723de46cbcaa6e8801a55fd62b3a07915c0531f15651d858a8c14f7
canonical: {"context":"field_led_demo","device_id":"esp32-s3-02","nonce":"esp32-s3-02-18c740cac9372350-89848244","requested_action":"accept"}

PROVIDER DECISION: ACCEPTED
REASON: provider_admissible

Model:
endpoint emits request
NUVL boundary derives bounded representation
provider validator decides
endpoint displays returned result

Waiting for next ESP32 field-node request...
LATENCY_STAGE {"arrival_epoch_ns": 1785467018310530107, "decision": "accepted", "decision_ms": 0.116, "device_id": "esp32-s3-02", "display_ms": 3.967, "handler_total_ms": 4.276, "nonce": "esp32-s3-02-18c740cac9372350-89848244", "path": "/nuvl", "peer_ip": "192.168.0.114", "read_ms": 0.008, "reason": "provider_admissible", "send_error": null, "send_ms": 0.18}
TERM environment variable not set.
XER0TRUST NUVL LOCAL BOUNDARY HARNESS
========================================================
REQUEST RECEIVED AT LOCAL NUVL BOUNDARY

path: /nuvl
device_id: esp32-s3-03
context: field_led_demo
action: accept
nonce: esp32-s3-03-18c740cac9372350-114192671

BOUNDED REQUEST REPRESENTATION
request_repr: 841e0c7eac7fd07a41da9e5a924a3b01fc7b67f8daeee287b5722dfe40607b1a
canonical: {"context":"field_led_demo","device_id":"esp32-s3-03","nonce":"esp32-s3-03-18c740cac9372350-114192671","requested_action":"accept"}

PROVIDER DECISION: ACCEPTED
REASON: provider_admissible

Model:
endpoint emits request
NUVL boundary derives bounded representation
provider validator decides
endpoint displays returned result

Waiting for next ESP32 field-node request...
LATENCY_STAGE {"arrival_epoch_ns": 1785467018315213533, "decision": "accepted", "decision_ms": 0.074, "device_id": "esp32-s3-03", "display_ms": 1.414, "handler_total_ms": 1.639, "nonce": "esp32-s3-03-18c740cac9372350-114192671", "path": "/nuvl", "peer_ip": "192.168.0.216", "read_ms": 0.007, "reason": "provider_admissible", "send_error": null, "send_ms": 0.14}
TERM environment variable not set.
XER0TRUST NUVL LOCAL BOUNDARY HARNESS
========================================================
REQUEST RECEIVED AT LOCAL NUVL BOUNDARY

path: /nuvl
device_id: esp32-s3-03
context: field_led_demo
action: accept
nonce: esp32-s3-03-18c74108301a990c-114456401

BOUNDED REQUEST REPRESENTATION
request_repr: 20817a00020d3da245cc4287f5b1a2efe093ffe392a425c0934127095eca7320
canonical: {"context":"field_led_demo","device_id":"esp32-s3-03","nonce":"esp32-s3-03-18c74108301a990c-114456401","requested_action":"accept"}

PROVIDER DECISION: ACCEPTED
REASON: provider_admissible

Model:
endpoint emits request
NUVL boundary derives bounded representation
provider validator decides
endpoint displays returned result

Waiting for next ESP32 field-node request...
LATENCY_STAGE {"arrival_epoch_ns": 1785467282033126149, "decision": "accepted", "decision_ms": 0.076, "device_id": "esp32-s3-03", "display_ms": 1.617, "handler_total_ms": 1.84, "nonce": "esp32-s3-03-18c74108301a990c-114456401", "path": "/nuvl", "peer_ip": "192.168.0.216", "read_ms": 0.005, "reason": "provider_admissible", "send_error": null, "send_ms": 0.139}
TERM environment variable not set.
XER0TRUST NUVL LOCAL BOUNDARY HARNESS
========================================================
REQUEST RECEIVED AT LOCAL NUVL BOUNDARY

path: /nuvl
device_id: esp32-s3-02
context: field_led_demo
action: accept
nonce: esp32-s3-02-18c74108301a990c-90111975

BOUNDED REQUEST REPRESENTATION
request_repr: c65a0f96264d0796a67e0702b1ef7951617e3e2d9ba0fb9aabc6fa7ba1229a34
canonical: {"context":"field_led_demo","device_id":"esp32-s3-02","nonce":"esp32-s3-02-18c74108301a990c-90111975","requested_action":"accept"}

PROVIDER DECISION: ACCEPTED
REASON: provider_admissible

Model:
endpoint emits request
NUVL boundary derives bounded representation
provider validator decides
endpoint displays returned result

Waiting for next ESP32 field-node request...
LATENCY_STAGE {"arrival_epoch_ns": 1785467282035323953, "decision": "accepted", "decision_ms": 0.054, "device_id": "esp32-s3-02", "display_ms": 1.302, "handler_total_ms": 1.506, "nonce": "esp32-s3-02-18c74108301a990c-90111975", "path": "/nuvl", "peer_ip": "192.168.0.114", "read_ms": 0.005, "reason": "provider_admissible", "send_error": null, "send_ms": 0.143}
TERM environment variable not set.
XER0TRUST NUVL LOCAL BOUNDARY HARNESS
========================================================
REQUEST RECEIVED AT LOCAL NUVL BOUNDARY

path: /nuvl
device_id: esp32-field-01
context: field_led_demo
action: accept
nonce: esp32-field-01-18c74108301a990c-3268

BOUNDED REQUEST REPRESENTATION
request_repr: 75adbe5bbd0616967ff0b301c27dfb2f001e92ffe22a170bee34de25a1cdad1a
canonical: {"context":"field_led_demo","device_id":"esp32-field-01","nonce":"esp32-field-01-18c74108301a990c-3268","requested_action":"accept"}

PROVIDER DECISION: ACCEPTED
REASON: provider_admissible

Model:
endpoint emits request
NUVL boundary derives bounded representation
provider validator decides
endpoint displays returned result

Waiting for next ESP32 field-node request...
LATENCY_STAGE {"arrival_epoch_ns": 1785467427475854461, "decision": "accepted", "decision_ms": 0.075, "device_id": "esp32-field-01", "display_ms": 1.543, "handler_total_ms": 1.775, "nonce": "esp32-field-01-18c74108301a990c-3268", "path": "/nuvl", "peer_ip": "192.168.0.39", "read_ms": 0.006, "reason": "provider_admissible", "send_error": null, "send_ms": 0.148}
TERM environment variable not set.
XER0TRUST NUVL LOCAL BOUNDARY HARNESS
========================================================
REQUEST RECEIVED AT LOCAL NUVL BOUNDARY

path: /nuvl
device_id: esp32-field-01
context: field_led_demo
action: accept
nonce: esp32-field-01-18c74108301a990c-3317

BOUNDED REQUEST REPRESENTATION
request_repr: 56137a04a4bddc226ee0f2a852a3e5f1560dc23639a9f41f9ad72a03e0ca0832
canonical: {"context":"field_led_demo","device_id":"esp32-field-01","nonce":"esp32-field-01-18c74108301a990c-3317","requested_action":"accept"}

PROVIDER DECISION: ACCEPTED
REASON: provider_admissible

Model:
endpoint emits request
NUVL boundary derives bounded representation
provider validator decides
endpoint displays returned result

Waiting for next ESP32 field-node request...
LATENCY_STAGE {"arrival_epoch_ns": 1785467447416889399, "decision": "accepted", "decision_ms": 0.072, "device_id": "esp32-field-01", "display_ms": 1.651, "handler_total_ms": 1.88, "nonce": "esp32-field-01-18c74108301a990c-3317", "path": "/nuvl", "peer_ip": "192.168.0.39", "read_ms": 0.006, "reason": "provider_admissible", "send_error": null, "send_ms": 0.148}
TERM environment variable not set.
XER0TRUST NUVL LOCAL BOUNDARY HARNESS
========================================================
REQUEST RECEIVED AT LOCAL NUVL BOUNDARY

path: /nuvl
device_id: esp32-field-01
context: field_led_demo
action: accept
nonce: esp32-field-01-18c7413b5dd7a9c4-57752

BOUNDED REQUEST REPRESENTATION
request_repr: bf29bb6fbba508455587a37ad9e811be5e13358421bd7b3b0dff42c049efdc7e
canonical: {"context":"field_led_demo","device_id":"esp32-field-01","nonce":"esp32-field-01-18c7413b5dd7a9c4-57752","requested_action":"accept"}

PROVIDER DECISION: ACCEPTED
REASON: provider_admissible

Model:
endpoint emits request
NUVL boundary derives bounded representation
provider validator decides
endpoint displays returned result

Waiting for next ESP32 field-node request...
LATENCY_STAGE {"arrival_epoch_ns": 1785467501839636372, "decision": "accepted", "decision_ms": 0.073, "device_id": "esp32-field-01", "display_ms": 1.582, "handler_total_ms": 1.805, "nonce": "esp32-field-01-18c7413b5dd7a9c4-57752", "path": "/nuvl", "peer_ip": "192.168.0.39", "read_ms": 0.005, "reason": "provider_admissible", "send_error": null, "send_ms": 0.141}
TERM environment variable not set.
XER0TRUST NUVL LOCAL BOUNDARY HARNESS
========================================================
REQUEST RECEIVED AT LOCAL NUVL BOUNDARY

path: /nuvl
device_id: esp32-s3-03
context: field_led_demo
action: accept
nonce: esp32-s3-03-18c7413b5dd7a9c4-114676209

BOUNDED REQUEST REPRESENTATION
request_repr: b12d47e880fa893b3825c6e90e44340cfc1c0e892331649b4bb94e6b2cb670eb
canonical: {"context":"field_led_demo","device_id":"esp32-s3-03","nonce":"esp32-s3-03-18c7413b5dd7a9c4-114676209","requested_action":"accept"}

PROVIDER DECISION: ACCEPTED
REASON: provider_admissible

Model:
endpoint emits request
NUVL boundary derives bounded representation
provider validator decides
endpoint displays returned result

Waiting for next ESP32 field-node request...
LATENCY_STAGE {"arrival_epoch_ns": 1785467501844290776, "decision": "accepted", "decision_ms": 0.055, "device_id": "esp32-s3-03", "display_ms": 1.274, "handler_total_ms": 1.448, "nonce": "esp32-s3-03-18c7413b5dd7a9c4-114676209", "path": "/nuvl", "peer_ip": "192.168.0.216", "read_ms": 0.005, "reason": "provider_admissible", "send_error": null, "send_ms": 0.112}
TERM environment variable not set.
XER0TRUST NUVL LOCAL BOUNDARY HARNESS
========================================================
REQUEST RECEIVED AT LOCAL NUVL BOUNDARY

path: /nuvl
device_id: esp32-s3-02
context: field_led_demo
action: accept
nonce: esp32-s3-02-18c7413b5dd7a9c4-90331783

BOUNDED REQUEST REPRESENTATION
request_repr: afe8190e40ab89cfa0047dbab884412058c26b204c951cfadbbf386c81313eb2
canonical: {"context":"field_led_demo","device_id":"esp32-s3-02","nonce":"esp32-s3-02-18c7413b5dd7a9c4-90331783","requested_action":"accept"}

PROVIDER DECISION: ACCEPTED
REASON: provider_admissible

Model:
endpoint emits request
NUVL boundary derives bounded representation
provider validator decides
endpoint displays returned result

Waiting for next ESP32 field-node request...
LATENCY_STAGE {"arrival_epoch_ns": 1785467501846054460, "decision": "accepted", "decision_ms": 0.046, "device_id": "esp32-s3-02", "display_ms": 1.219, "handler_total_ms": 1.382, "nonce": "esp32-s3-02-18c7413b5dd7a9c4-90331783", "path": "/nuvl", "peer_ip": "192.168.0.114", "read_ms": 0.004, "reason": "provider_admissible", "send_error": null, "send_ms": 0.111}
=== COORDINATOR LOG ===
MULTI_ENDPOINT_COORDINATOR
Listening on 0.0.0.0:19052
START run_id=18c740cac9372350 devices=3 not_before_ms=1785467018167
RESULT run_id=18c740cac9372350 device_id=esp32-s3-02 decision=accepted reason=provider_admissible elapsed_ms=38
RESULT run_id=18c740cac9372350 device_id=esp32-s3-03 decision=accepted reason=provider_admissible elapsed_ms=37
START run_id=18c74108301a990c devices=3 not_before_ms=1785467281887
RESULT run_id=18c74108301a990c device_id=esp32-s3-03 decision=accepted reason=provider_admissible elapsed_ms=35
RESULT run_id=18c74108301a990c device_id=esp32-s3-02 decision=accepted reason=provider_admissible elapsed_ms=37
RESULT run_id=18c74108301a990c device_id=esp32-field-01 decision=accepted reason=provider_admissible elapsed_ms=53
RESULT run_id=18c74108301a990c device_id=esp32-field-01 decision=accepted reason=provider_admissible elapsed_ms=49
START run_id=18c7413b5dd7a9c4 devices=3 not_before_ms=1785467501693
RESULT run_id=18c7413b5dd7a9c4 device_id=esp32-field-01 decision=accepted reason=provider_admissible elapsed_ms=38
RESULT run_id=18c7413b5dd7a9c4 device_id=esp32-s3-03 decision=accepted reason=provider_admissible elapsed_ms=44
RESULT run_id=18c7413b5dd7a9c4 device_id=esp32-s3-02 decision=accepted reason=provider_admissible elapsed_ms=46
=== HASHES ===
b026a63a7338ff51a8d12806e4510362baf9b82cfffe14473f4627f800bcb07a  /home/seth/nuvl_restore_20260730_230109.log
8643f40da1582006cbfa796835f9dd30bc9ab6b71d50ccb1ed978c163e508fce  /home/seth/coordinator_restore_20260730_230109.log
