nohup: ignoring input
FLEET016_CRASH_ACTUATOR_BRIDGE
Listening on 0.0.0.0:18090
Target device: esp32-xiao-servo-01
Provider: http://192.168.0.50:8091
Spent state: /home/seth/FLEET016_spent_state.json
Crash stage: /home/seth/FLEET016_crash_stage.txt
Persistent replay entries loaded: 1
Authority package: /home/seth/FLEET016_authority_package.json
Authority package loaded: True
Artifact ID loaded: 03233823a3b533017c200616
FLEET016 decision=denied reason=spend_binding_mismatch_nonce artifact_id=03233823a3b533017c200616 package_source=persistent_cached spent_count=1 persisted_before_accept=None
FLEET016 decision=denied reason=spend_binding_mismatch_nonce artifact_id=03233823a3b533017c200616 package_source=persistent_cached spent_count=1 persisted_before_accept=None
FLEET016 decision=denied reason=spend_binding_mismatch_nonce artifact_id=03233823a3b533017c200616 package_source=persistent_cached spent_count=1 persisted_before_accept=None
FLEET016 decision=denied reason=spend_binding_mismatch_nonce artifact_id=03233823a3b533017c200616 package_source=persistent_cached spent_count=1 persisted_before_accept=None
FLEET016 decision=denied reason=spend_binding_mismatch_nonce artifact_id=03233823a3b533017c200616 package_source=persistent_cached spent_count=1 persisted_before_accept=None
FLEET016 decision=denied reason=spend_binding_mismatch_nonce artifact_id=03233823a3b533017c200616 package_source=persistent_cached spent_count=1 persisted_before_accept=None
FLEET016 decision=denied reason=spend_binding_mismatch_nonce artifact_id=03233823a3b533017c200616 package_source=persistent_cached spent_count=1 persisted_before_accept=None
FLEET016 decision=denied reason=spend_binding_mismatch_nonce artifact_id=03233823a3b533017c200616 package_source=persistent_cached spent_count=1 persisted_before_accept=None
FLEET016 decision=denied reason=spend_binding_mismatch_nonce artifact_id=03233823a3b533017c200616 package_source=persistent_cached spent_count=1 persisted_before_accept=None
FLEET016 decision=denied reason=spend_binding_mismatch_nonce artifact_id=03233823a3b533017c200616 package_source=persistent_cached spent_count=1 persisted_before_accept=None
FLEET016 decision=denied reason=spend_binding_mismatch_nonce artifact_id=03233823a3b533017c200616 package_source=persistent_cached spent_count=1 persisted_before_accept=None
FLEET016 decision=denied reason=spend_binding_mismatch_nonce artifact_id=03233823a3b533017c200616 package_source=persistent_cached spent_count=1 persisted_before_accept=None
FLEET016 decision=denied reason=spend_binding_mismatch_nonce artifact_id=03233823a3b533017c200616 package_source=persistent_cached spent_count=1 persisted_before_accept=None
FLEET016 decision=denied reason=replay_detected artifact_id=03233823a3b533017c200616 package_source=persistent_cached spent_count=1 persisted_before_accept=None
FLEET016 decision=denied reason=spend_binding_mismatch_nonce artifact_id=03233823a3b533017c200616 package_source=persistent_cached spent_count=1 persisted_before_accept=None
FLEET016 decision=denied reason=spend_binding_mismatch_nonce artifact_id=03233823a3b533017c200616 package_source=persistent_cached spent_count=1 persisted_before_accept=None
FLEET016 decision=denied reason=spend_binding_mismatch_nonce artifact_id=03233823a3b533017c200616 package_source=persistent_cached spent_count=1 persisted_before_accept=None
FLEET016 decision=denied reason=spend_binding_mismatch_nonce artifact_id=03233823a3b533017c200616 package_source=persistent_cached spent_count=1 persisted_before_accept=None
FLEET016 decision=denied reason=spend_binding_mismatch_nonce artifact_id=03233823a3b533017c200616 package_source=persistent_cached spent_count=1 persisted_before_accept=None
FLEET016 decision=denied reason=spend_binding_mismatch_nonce artifact_id=03233823a3b533017c200616 package_source=persistent_cached spent_count=1 persisted_before_accept=None
FLEET016 decision=denied reason=spend_binding_mismatch_nonce artifact_id=03233823a3b533017c200616 package_source=persistent_cached spent_count=1 persisted_before_accept=None
FLEET016 decision=denied reason=spend_binding_mismatch_nonce artifact_id=03233823a3b533017c200616 package_source=persistent_cached spent_count=1 persisted_before_accept=None
FLEET016 decision=denied reason=spend_binding_mismatch_nonce artifact_id=03233823a3b533017c200616 package_source=persistent_cached spent_count=1 persisted_before_accept=None
FLEET016 decision=denied reason=spend_binding_mismatch_nonce artifact_id=03233823a3b533017c200616 package_source=persistent_cached spent_count=1 persisted_before_accept=None
FLEET016 decision=denied reason=spend_binding_mismatch_nonce artifact_id=03233823a3b533017c200616 package_source=persistent_cached spent_count=1 persisted_before_accept=None
FLEET016 decision=denied reason=spend_binding_mismatch_nonce artifact_id=03233823a3b533017c200616 package_source=persistent_cached spent_count=1 persisted_before_accept=None
FLEET016 decision=denied reason=spend_binding_mismatch_nonce artifact_id=03233823a3b533017c200616 package_source=persistent_cached spent_count=1 persisted_before_accept=None
FLEET016 decision=denied reason=spend_binding_mismatch_nonce artifact_id=03233823a3b533017c200616 package_source=persistent_cached spent_count=1 persisted_before_accept=None
FLEET016 decision=denied reason=spend_binding_mismatch_nonce artifact_id=03233823a3b533017c200616 package_source=persistent_cached spent_count=1 persisted_before_accept=None
FLEET016 decision=denied reason=spend_binding_mismatch_nonce artifact_id=03233823a3b533017c200616 package_source=persistent_cached spent_count=1 persisted_before_accept=None
FLEET016 decision=denied reason=spend_binding_mismatch_nonce artifact_id=03233823a3b533017c200616 package_source=persistent_cached spent_count=1 persisted_before_accept=None
FLEET016 decision=denied reason=spend_binding_mismatch_nonce artifact_id=03233823a3b533017c200616 package_source=persistent_cached spent_count=1 persisted_before_accept=None
FLEET016 decision=denied reason=spend_binding_mismatch_nonce artifact_id=03233823a3b533017c200616 package_source=persistent_cached spent_count=1 persisted_before_accept=None
FLEET016 decision=denied reason=spend_binding_mismatch_nonce artifact_id=03233823a3b533017c200616 package_source=persistent_cached spent_count=1 persisted_before_accept=None
FLEET016 decision=denied reason=spend_binding_mismatch_nonce artifact_id=03233823a3b533017c200616 package_source=persistent_cached spent_count=1 persisted_before_accept=None
FLEET016 decision=denied reason=spend_binding_mismatch_nonce artifact_id=03233823a3b533017c200616 package_source=persistent_cached spent_count=1 persisted_before_accept=None
FLEET016 decision=denied reason=spend_binding_mismatch_nonce artifact_id=03233823a3b533017c200616 package_source=persistent_cached spent_count=1 persisted_before_accept=None
FLEET016 decision=denied reason=spend_binding_mismatch_nonce artifact_id=03233823a3b533017c200616 package_source=persistent_cached spent_count=1 persisted_before_accept=None
FLEET016 decision=denied reason=spend_binding_mismatch_nonce artifact_id=03233823a3b533017c200616 package_source=persistent_cached spent_count=1 persisted_before_accept=None
FLEET016 decision=denied reason=spend_binding_mismatch_nonce artifact_id=03233823a3b533017c200616 package_source=persistent_cached spent_count=1 persisted_before_accept=None
FLEET016 decision=denied reason=spend_binding_mismatch_nonce artifact_id=03233823a3b533017c200616 package_source=persistent_cached spent_count=1 persisted_before_accept=None
FLEET016 decision=denied reason=spend_binding_mismatch_nonce artifact_id=03233823a3b533017c200616 package_source=persistent_cached spent_count=1 persisted_before_accept=None
FLEET016 decision=denied reason=spend_binding_mismatch_nonce artifact_id=03233823a3b533017c200616 package_source=persistent_cached spent_count=1 persisted_before_accept=None
FLEET016 decision=denied reason=replay_detected artifact_id=03233823a3b533017c200616 package_source=persistent_cached spent_count=1 persisted_before_accept=None
FLEET016 decision=denied reason=spend_binding_mismatch_nonce artifact_id=03233823a3b533017c200616 package_source=persistent_cached spent_count=1 persisted_before_accept=None
FLEET016 decision=denied reason=spend_binding_mismatch_nonce artifact_id=03233823a3b533017c200616 package_source=persistent_cached spent_count=1 persisted_before_accept=None
FLEET016 decision=denied reason=spend_binding_mismatch_nonce artifact_id=03233823a3b533017c200616 package_source=persistent_cached spent_count=1 persisted_before_accept=None
FLEET016 decision=denied reason=spend_binding_mismatch_nonce artifact_id=03233823a3b533017c200616 package_source=persistent_cached spent_count=1 persisted_before_accept=None
FLEET016 decision=denied reason=spend_binding_mismatch_nonce artifact_id=03233823a3b533017c200616 package_source=persistent_cached spent_count=1 persisted_before_accept=None
FLEET016 decision=denied reason=spend_binding_mismatch_nonce artifact_id=03233823a3b533017c200616 package_source=persistent_cached spent_count=1 persisted_before_accept=None
FLEET016 decision=denied reason=spend_binding_mismatch_nonce artifact_id=03233823a3b533017c200616 package_source=persistent_cached spent_count=1 persisted_before_accept=None
FLEET016 decision=denied reason=spend_binding_mismatch_nonce artifact_id=03233823a3b533017c200616 package_source=persistent_cached spent_count=1 persisted_before_accept=None
FLEET016 decision=denied reason=spend_binding_mismatch_nonce artifact_id=03233823a3b533017c200616 package_source=persistent_cached spent_count=1 persisted_before_accept=None
FLEET016 decision=denied reason=spend_binding_mismatch_nonce artifact_id=03233823a3b533017c200616 package_source=persistent_cached spent_count=1 persisted_before_accept=None
FLEET016 decision=denied reason=spend_binding_mismatch_nonce artifact_id=03233823a3b533017c200616 package_source=persistent_cached spent_count=1 persisted_before_accept=None
FLEET016 decision=denied reason=spend_binding_mismatch_nonce artifact_id=03233823a3b533017c200616 package_source=persistent_cached spent_count=1 persisted_before_accept=None
FLEET016 decision=denied reason=spend_binding_mismatch_nonce artifact_id=03233823a3b533017c200616 package_source=persistent_cached spent_count=1 persisted_before_accept=None
FLEET016 decision=denied reason=spend_binding_mismatch_nonce artifact_id=03233823a3b533017c200616 package_source=persistent_cached spent_count=1 persisted_before_accept=None
FLEET016 decision=denied reason=spend_binding_mismatch_nonce artifact_id=03233823a3b533017c200616 package_source=persistent_cached spent_count=1 persisted_before_accept=None
FLEET016 decision=denied reason=spend_binding_mismatch_nonce artifact_id=03233823a3b533017c200616 package_source=persistent_cached spent_count=1 persisted_before_accept=None
FLEET016 decision=denied reason=spend_binding_mismatch_nonce artifact_id=03233823a3b533017c200616 package_source=persistent_cached spent_count=1 persisted_before_accept=None
FLEET016 decision=denied reason=spend_binding_mismatch_nonce artifact_id=03233823a3b533017c200616 package_source=persistent_cached spent_count=1 persisted_before_accept=None
FLEET016 decision=denied reason=spend_binding_mismatch_nonce artifact_id=03233823a3b533017c200616 package_source=persistent_cached spent_count=1 persisted_before_accept=None
FLEET016 decision=denied reason=spend_binding_mismatch_nonce artifact_id=03233823a3b533017c200616 package_source=persistent_cached spent_count=1 persisted_before_accept=None
FLEET016 decision=denied reason=spend_binding_mismatch_nonce artifact_id=03233823a3b533017c200616 package_source=persistent_cached spent_count=1 persisted_before_accept=None
FLEET016 decision=denied reason=spend_binding_mismatch_nonce artifact_id=03233823a3b533017c200616 package_source=persistent_cached spent_count=1 persisted_before_accept=None
FLEET016 decision=denied reason=spend_binding_mismatch_nonce artifact_id=03233823a3b533017c200616 package_source=persistent_cached spent_count=1 persisted_before_accept=None
FLEET016 decision=denied reason=spend_binding_mismatch_nonce artifact_id=03233823a3b533017c200616 package_source=persistent_cached spent_count=1 persisted_before_accept=None
FLEET016 decision=denied reason=spend_binding_mismatch_nonce artifact_id=03233823a3b533017c200616 package_source=persistent_cached spent_count=1 persisted_before_accept=None
FLEET016 decision=denied reason=spend_binding_mismatch_nonce artifact_id=03233823a3b533017c200616 package_source=persistent_cached spent_count=1 persisted_before_accept=None
FLEET016 decision=denied reason=spend_binding_mismatch_nonce artifact_id=03233823a3b533017c200616 package_source=persistent_cached spent_count=1 persisted_before_accept=None
FLEET016 decision=denied reason=spend_binding_mismatch_nonce artifact_id=03233823a3b533017c200616 package_source=persistent_cached spent_count=1 persisted_before_accept=None
