RESULT run_id=esp32-field-01-13088662-5049 device_id=esp32-field-01 decision=accepted reason=provider_admissible elapsed_ms=32
RESULT run_id=esp32-s3-02-15825291-4406 device_id=esp32-s3-02 decision=accepted reason=provider_admissible elapsed_ms=39
RESULT run_id=esp32-field-01-13091184-5050 device_id=esp32-field-01 decision=accepted reason=provider_admissible elapsed_ms=37
RESULT run_id=esp32-s3-03-15832364-2833 device_id=esp32-s3-03 decision=accepted reason=provider_admissible elapsed_ms=33
RESULT run_id=esp32-field-01-13094129-5051 device_id=esp32-field-01 decision=accepted reason=provider_admissible elapsed_ms=39
RESULT run_id=esp32-xiao-servo-02-92538376-7414 device_id=esp32-xiao-servo-02 decision=accepted reason=provider_admissible elapsed_ms=32
RESULT run_id=esp32-s3-02-15828607-4407 device_id=esp32-s3-02 decision=accepted reason=provider_admissible elapsed_ms=38
RESULT run_id=esp32-xiao-servo-01-92533879-9761 device_id=esp32-xiao-servo-01 decision=accepted reason=provider_admissible elapsed_ms=34
RESULT run_id=esp32-field-01-13096496-5052 device_id=esp32-field-01 decision=accepted reason=provider_admissible elapsed_ms=35
RESULT run_id=esp32-s3-03-15837756-2834 device_id=esp32-s3-03 decision=accepted reason=provider_admissible elapsed_ms=34
RESULT run_id=esp32-s3-02-15832131-4408 device_id=esp32-s3-02 decision=accepted reason=provider_admissible elapsed_ms=33
RESULT run_id=esp32-field-01-13099356-5053 device_id=esp32-field-01 decision=accepted reason=provider_admissible elapsed_ms=40
RESULT run_id=esp32-field-01-13101778-5054 device_id=esp32-field-01 decision=accepted reason=provider_admissible elapsed_ms=33
RESULT run_id=esp32-s3-02-15836069-4409 device_id=esp32-s3-02 decision=accepted reason=provider_admissible elapsed_ms=34
RESULT run_id=esp32-s3-03-15843202-2835 device_id=esp32-s3-03 decision=accepted reason=provider_admissible elapsed_ms=36
RESULT run_id=esp32-field-01-13104133-5055 device_id=esp32-field-01 decision=accepted reason=provider_admissible elapsed_ms=32
RESULT run_id=esp32-xiao-servo-01-92543126-9762 device_id=esp32-xiao-servo-01 decision=accepted reason=provider_admissible elapsed_ms=30
RESULT run_id=esp32-s3-02-15839919-4410 device_id=esp32-s3-02 decision=accepted reason=provider_admissible elapsed_ms=33
RESULT run_id=esp32-field-01-13106679-5056 device_id=esp32-field-01 decision=accepted reason=provider_admissible elapsed_ms=65
RESULT run_id=esp32-xiao-servo-02-92550874-7415 device_id=esp32-xiao-servo-02 decision=accepted reason=provider_admissible elapsed_ms=33
RESULT run_id=esp32-s3-03-15848540-2836 device_id=esp32-s3-03 decision=accepted reason=provider_admissible elapsed_ms=33
RESULT run_id=esp32-field-01-13109211-5057 device_id=esp32-field-01 decision=accepted reason=provider_admissible elapsed_ms=39
RESULT run_id=esp32-s3-02-15843457-4411 device_id=esp32-s3-02 decision=accepted reason=provider_admissible elapsed_ms=33
RESULT run_id=esp32-field-01-13111523-5058 device_id=esp32-field-01 decision=accepted reason=provider_admissible elapsed_ms=35
RESULT run_id=esp32-s3-02-15847105-4412 device_id=esp32-s3-02 decision=accepted reason=provider_admissible elapsed_ms=33
RESULT run_id=esp32-s3-03-15854016-2837 device_id=esp32-s3-03 decision=accepted reason=provider_admissible elapsed_ms=33
RESULT run_id=esp32-field-01-13114422-5059 device_id=esp32-field-01 decision=accepted reason=provider_admissible elapsed_ms=39
RESULT run_id=esp32-xiao-servo-01-92552661-9763 device_id=esp32-xiao-servo-01 decision=accepted reason=provider_admissible elapsed_ms=39
RESULT run_id=esp32-s3-02-15850486-4413 device_id=esp32-s3-02 decision=unavailable reason=OSError(104,) elapsed_ms=14
RESULT run_id=esp32-field-01-13116949-5060 device_id=esp32-field-01 decision=unavailable reason=OSError(104,) elapsed_ms=14
RESULT run_id=esp32-xiao-servo-02-92563083-7416 device_id=esp32-xiao-servo-02 decision=unavailable reason=OSError(104,) elapsed_ms=13
RESULT run_id=esp32-field-01-13119391-5061 device_id=esp32-field-01 decision=unavailable reason=OSError(104,) elapsed_ms=13
RESULT run_id=esp32-s3-03-15859441-2838 device_id=esp32-s3-03 decision=unavailable reason=OSError(104,) elapsed_ms=13
RESULT run_id=esp32-s3-02-15853896-4414 device_id=esp32-s3-02 decision=unavailable reason=OSError(104,) elapsed_ms=14
RESULT run_id=esp32-field-01-13122043-5062 device_id=esp32-field-01 decision=unavailable reason=OSError(104,) elapsed_ms=13
RESULT run_id=esp32-s3-02-15857108-4415 device_id=esp32-s3-02 decision=unavailable reason=OSError(104,) elapsed_ms=13
RESULT run_id=esp32-xiao-servo-01-92562128-9764 device_id=esp32-xiao-servo-01 decision=unavailable reason=OSError(104,) elapsed_ms=12
RESULT run_id=esp32-field-01-13124935-5063 device_id=esp32-field-01 decision=unavailable reason=OSError(104,) elapsed_ms=13
RESULT run_id=esp32-s3-03-15865296-2839 device_id=esp32-s3-03 decision=unavailable reason=OSError(104,) elapsed_ms=16
RESULT run_id=esp32-s3-02-15860438-4416 device_id=esp32-s3-02 decision=unavailable reason=OSError(104,) elapsed_ms=15
RESULT run_id=esp32-field-01-13127621-5064 device_id=esp32-field-01 decision=unavailable reason=OSError(104,) elapsed_ms=13
RESULT run_id=esp32-s3-02-15863826-4417 device_id=esp32-s3-02 decision=unavailable reason=OSError(104,) elapsed_ms=13
RESULT run_id=esp32-xiao-servo-02-92574892-7417 device_id=esp32-xiao-servo-02 decision=unavailable reason=OSError(104,) elapsed_ms=12
RESULT run_id=esp32-field-01-13129816-5065 device_id=esp32-field-01 decision=unavailable reason=OSError(104,) elapsed_ms=12
RESULT run_id=esp32-s3-03-15871054-2840 device_id=esp32-s3-03 decision=unavailable reason=OSError(104,) elapsed_ms=17
RESULT run_id=esp32-xiao-servo-01-92570603-9765 device_id=esp32-xiao-servo-01 decision=unavailable reason=OSError(104,) elapsed_ms=14
RESULT run_id=esp32-field-01-13132313-5066 device_id=esp32-field-01 decision=unavailable reason=OSError(104,) elapsed_ms=14
RESULT run_id=esp32-s3-02-15867070-4418 device_id=esp32-s3-02 decision=unavailable reason=OSError(104,) elapsed_ms=13
RESULT run_id=esp32-field-01-13134625-5067 device_id=esp32-field-01 decision=unavailable reason=OSError(104,) elapsed_ms=24
RESULT run_id=esp32-s3-02-15870903-4419 device_id=esp32-s3-02 decision=unavailable reason=OSError(104,) elapsed_ms=15
RESULT run_id=esp32-s3-03-15876937-2841 device_id=esp32-s3-03 decision=unavailable reason=OSError(104,) elapsed_ms=15
RESULT run_id=esp32-field-01-13137240-5068 device_id=esp32-field-01 decision=unavailable reason=OSError(104,) elapsed_ms=13
RESULT run_id=esp32-field-01-13139807-5069 device_id=esp32-field-01 decision=unavailable reason=OSError(104,) elapsed_ms=13
RESULT run_id=esp32-xiao-servo-01-92578781-9766 device_id=esp32-xiao-servo-01 decision=unavailable reason=OSError(104,) elapsed_ms=12
RESULT run_id=esp32-s3-02-15874737-4420 device_id=esp32-s3-02 decision=unavailable reason=OSError(104,) elapsed_ms=15
RESULT run_id=esp32-xiao-servo-02-92586360-7418 device_id=esp32-xiao-servo-02 decision=unavailable reason=OSError(104,) elapsed_ms=16
RESULT run_id=esp32-field-01-13142656-5070 device_id=esp32-field-01 decision=unavailable reason=OSError(104,) elapsed_ms=13
RESULT run_id=esp32-s3-03-15882861-2842 device_id=esp32-s3-03 decision=unavailable reason=OSError(104,) elapsed_ms=12
RESULT run_id=esp32-s3-02-15878470-4421 device_id=esp32-s3-02 decision=unavailable reason=OSError(104,) elapsed_ms=16
RESULT run_id=esp32-field-01-13145466-5071 device_id=esp32-field-01 decision=unavailable reason=OSError(104,) elapsed_ms=17
RESULT run_id=esp32-s3-02-15881864-4422 device_id=esp32-s3-02 decision=unavailable reason=OSError(104,) elapsed_ms=14
RESULT run_id=esp32-field-01-13148000-5072 device_id=esp32-field-01 decision=unavailable reason=OSError(104,) elapsed_ms=12
RESULT run_id=esp32-xiao-servo-01-92587055-9767 device_id=esp32-xiao-servo-01 decision=unavailable reason=OSError(104,) elapsed_ms=12
RESULT run_id=esp32-s3-03-15888649-2843 device_id=esp32-s3-03 decision=unavailable reason=OSError(104,) elapsed_ms=13
RESULT run_id=esp32-field-01-13150449-5073 device_id=esp32-field-01 decision=unavailable reason=OSError(104,) elapsed_ms=13
RESULT run_id=esp32-s3-02-15885500-4423 device_id=esp32-s3-02 decision=unavailable reason=OSError(104,) elapsed_ms=13
RESULT run_id=esp32-xiao-servo-02-92597748-7419 device_id=esp32-xiao-servo-02 decision=unavailable reason=OSError(104,) elapsed_ms=14
RESULT run_id=esp32-field-01-13153007-5074 device_id=esp32-field-01 decision=unavailable reason=OSError(104,) elapsed_ms=16
RESULT run_id=esp32-s3-03-15894323-2844 device_id=esp32-s3-03 decision=unavailable reason=OSError(104,) elapsed_ms=18
RESULT run_id=esp32-s3-02-15888767-4424 device_id=esp32-s3-02 decision=unavailable reason=OSError(104,) elapsed_ms=14
RESULT run_id=esp32-field-01-13155404-5075 device_id=esp32-field-01 decision=unavailable reason=OSError(104,) elapsed_ms=13
RESULT run_id=esp32-xiao-servo-01-92595401-9768 device_id=esp32-xiao-servo-01 decision=unavailable reason=OSError(104,) elapsed_ms=12
RESULT run_id=esp32-field-01-13157597-5076 device_id=esp32-field-01 decision=unavailable reason=OSError(104,) elapsed_ms=13
RESULT run_id=esp32-s3-02-15891962-4425 device_id=esp32-s3-02 decision=unavailable reason=OSError(104,) elapsed_ms=12
RESULT run_id=esp32-field-01-13160016-5077 device_id=esp32-field-01 decision=unavailable reason=OSError(104,) elapsed_ms=13
RESULT run_id=esp32-s3-03-15900233-2845 device_id=esp32-s3-03 decision=unavailable reason=OSError(104,) elapsed_ms=15
RESULT run_id=esp32-s3-02-15895174-4426 device_id=esp32-s3-02 decision=unavailable reason=OSError(104,) elapsed_ms=13
RESULT run_id=esp32-field-01-13162550-5078 device_id=esp32-field-01 decision=unavailable reason=OSError(104,) elapsed_ms=26
RESULT run_id=esp32-xiao-servo-02-92609525-7420 device_id=esp32-xiao-servo-02 decision=unavailable reason=OSError(104,) elapsed_ms=12
RESULT run_id=esp32-s3-02-15898710-4427 device_id=esp32-s3-02 decision=unavailable reason=OSError(104,) elapsed_ms=13
RESULT run_id=esp32-xiao-servo-01-92604155-9769 device_id=esp32-xiao-servo-01 decision=unavailable reason=OSError(104,) elapsed_ms=12
RESULT run_id=esp32-field-01-13165371-5079 device_id=esp32-field-01 decision=unavailable reason=OSError(104,) elapsed_ms=12
RESULT run_id=esp32-s3-03-15905774-2846 device_id=esp32-s3-03 decision=unavailable reason=OSError(104,) elapsed_ms=17
RESULT run_id=esp32-s3-02-15902031-4428 device_id=esp32-s3-02 decision=unavailable reason=OSError(104,) elapsed_ms=13
RESULT run_id=esp32-field-01-13167806-5080 device_id=esp32-field-01 decision=unavailable reason=OSError(104,) elapsed_ms=30
RESULT run_id=esp32-field-01-13170616-5081 device_id=esp32-field-01 decision=unavailable reason=OSError(104,) elapsed_ms=13
RESULT run_id=esp32-s3-03-15911084-2847 device_id=esp32-s3-03 decision=unavailable reason=OSError(104,) elapsed_ms=13
RESULT run_id=esp32-s3-02-15905445-4429 device_id=esp32-s3-02 decision=unavailable reason=OSError(104,) elapsed_ms=15
RESULT run_id=esp32-xiao-servo-01-92612243-9770 device_id=esp32-xiao-servo-01 decision=unavailable reason=OSError(104,) elapsed_ms=12
RESULT run_id=esp32-field-01-13173347-5082 device_id=esp32-field-01 decision=unavailable reason=OSError(104,) elapsed_ms=12
RESULT run_id=esp32-s3-02-15909261-4430 device_id=esp32-s3-02 decision=unavailable reason=OSError(104,) elapsed_ms=13
RESULT run_id=esp32-xiao-servo-02-92620877-7421 device_id=esp32-xiao-servo-02 decision=unavailable reason=OSError(104,) elapsed_ms=15
RESULT run_id=esp32-field-01-13176180-5083 device_id=esp32-field-01 decision=unavailable reason=OSError(104,) elapsed_ms=12
RESULT run_id=esp32-s3-03-15916555-2848 device_id=esp32-s3-03 decision=unavailable reason=OSError(104,) elapsed_ms=28
RESULT run_id=esp32-s3-02-15912510-4431 device_id=esp32-s3-02 decision=unavailable reason=OSError(104,) elapsed_ms=13
RESULT run_id=esp32-field-01-13178730-5084 device_id=esp32-field-01 decision=unavailable reason=OSError(104,) elapsed_ms=16
RESULT run_id=esp32-field-01-13181123-5085 device_id=esp32-field-01 decision=unavailable reason=OSError(104,) elapsed_ms=12
RESULT run_id=esp32-xiao-servo-01-92620581-9771 device_id=esp32-xiao-servo-01 decision=unavailable reason=OSError(104,) elapsed_ms=12
RESULT run_id=esp32-s3-02-15916171-4432 device_id=esp32-s3-02 decision=unavailable reason=OSError(104,) elapsed_ms=16
RESULT run_id=esp32-s3-03-15922288-2849 device_id=esp32-s3-03 decision=unavailable reason=OSError(104,) elapsed_ms=18
RESULT run_id=esp32-field-01-13183562-5086 device_id=esp32-field-01 decision=unavailable reason=OSError(104,) elapsed_ms=57
RESULT run_id=esp32-s3-02-15919363-4433 device_id=esp32-s3-02 decision=unavailable reason=OSError(104,) elapsed_ms=12
RESULT run_id=esp32-field-01-13186388-5087 device_id=esp32-field-01 decision=unavailable reason=OSError(104,) elapsed_ms=12
RESULT run_id=esp32-xiao-servo-02-92631979-7422 device_id=esp32-xiao-servo-02 decision=unavailable reason=OSError(104,) elapsed_ms=12
RESULT run_id=esp32-s3-03-15928192-2850 device_id=esp32-s3-03 decision=unavailable reason=OSError(104,) elapsed_ms=13
RESULT run_id=esp32-s3-02-15923165-4434 device_id=esp32-s3-02 decision=unavailable reason=OSError(104,) elapsed_ms=13
RESULT run_id=esp32-field-01-13189079-5088 device_id=esp32-field-01 decision=unavailable reason=OSError(104,) elapsed_ms=13
RESULT run_id=esp32-xiao-servo-01-92628948-9772 device_id=esp32-xiao-servo-01 decision=unavailable reason=OSError(104,) elapsed_ms=12
RESULT run_id=esp32-field-01-13191796-5089 device_id=esp32-field-01 decision=unavailable reason=OSError(104,) elapsed_ms=13
RESULT run_id=esp32-s3-02-15926511-4435 device_id=esp32-s3-02 decision=unavailable reason=OSError(104,) elapsed_ms=15
RESULT run_id=esp32-s3-03-15933922-2851 device_id=esp32-s3-03 decision=unavailable reason=OSError(104,) elapsed_ms=13
RESULT run_id=esp32-field-01-13194064-5090 device_id=esp32-field-01 decision=unavailable reason=OSError(104,) elapsed_ms=14
RESULT run_id=esp32-s3-02-15930059-4436 device_id=esp32-s3-02 decision=unavailable reason=OSError(104,) elapsed_ms=13
RESULT run_id=esp32-field-01-13196304-5091 device_id=esp32-field-01 decision=unavailable reason=OSError(104,) elapsed_ms=13
RESULT run_id=esp32-xiao-servo-02-92643348-7423 device_id=esp32-xiao-servo-02 decision=unavailable reason=OSError(104,) elapsed_ms=13
RESULT run_id=esp32-xiao-servo-01-92637400-9773 device_id=esp32-xiao-servo-01 decision=unavailable reason=OSError(104,) elapsed_ms=12
RESULT run_id=esp32-field-01-13199177-5092 device_id=esp32-field-01 decision=unavailable reason=OSError(104,) elapsed_ms=15
RESULT run_id=esp32-s3-02-15933635-4437 device_id=esp32-s3-02 decision=unavailable reason=OSError(104,) elapsed_ms=17
RESULT run_id=esp32-s3-03-15939801-2852 device_id=esp32-s3-03 decision=unavailable reason=OSError(104,) elapsed_ms=17
RESULT run_id=esp32-field-01-13201683-5093 device_id=esp32-field-01 decision=unavailable reason=OSError(104,) elapsed_ms=13
RESULT run_id=esp32-s3-02-15937195-4438 device_id=esp32-s3-02 decision=unavailable reason=OSError(104,) elapsed_ms=17
RESULT run_id=esp32-field-01-13204030-5094 device_id=esp32-field-01 decision=unavailable reason=OSError(104,) elapsed_ms=12
RESULT run_id=esp32-s3-03-15945498-2853 device_id=esp32-s3-03 decision=unavailable reason=OSError(104,) elapsed_ms=30
RESULT run_id=esp32-field-01-13206472-5095 device_id=esp32-field-01 decision=unavailable reason=OSError(104,) elapsed_ms=12
RESULT run_id=esp32-xiao-servo-01-92645623-9774 device_id=esp32-xiao-servo-01 decision=unavailable reason=OSError(104,) elapsed_ms=12
RESULT run_id=esp32-s3-02-15940894-4439 device_id=esp32-s3-02 decision=unavailable reason=OSError(104,) elapsed_ms=13
RESULT run_id=esp32-field-01-13209027-5096 device_id=esp32-field-01 decision=unavailable reason=OSError(104,) elapsed_ms=12
RESULT run_id=esp32-xiao-servo-02-92654447-7424 device_id=esp32-xiao-servo-02 decision=unavailable reason=OSError(104,) elapsed_ms=12
RESULT run_id=esp32-s3-02-15944171-4440 device_id=esp32-s3-02 decision=unavailable reason=OSError(104,) elapsed_ms=12
RESULT run_id=esp32-s3-03-15951039-2854 device_id=esp32-s3-03 decision=unavailable reason=OSError(104,) elapsed_ms=15
RESULT run_id=esp32-field-01-13211429-5097 device_id=esp32-field-01 decision=unavailable reason=OSError(104,) elapsed_ms=17
RESULT run_id=esp32-s3-02-15947833-4441 device_id=esp32-s3-02 decision=unavailable reason=OSError(104,) elapsed_ms=30
RESULT run_id=esp32-field-01-13214006-5098 device_id=esp32-field-01 decision=unavailable reason=OSError(104,) elapsed_ms=16
RESULT run_id=esp32-xiao-servo-01-92654184-9775 device_id=esp32-xiao-servo-01 decision=unavailable reason=OSError(104,) elapsed_ms=12
RESULT run_id=esp32-field-01-13216401-5099 device_id=esp32-field-01 decision=unavailable reason=OSError(104,) elapsed_ms=13
RESULT run_id=esp32-s3-03-15956636-2855 device_id=esp32-s3-03 decision=unavailable reason=OSError(104,) elapsed_ms=13
RESULT run_id=esp32-s3-02-15951583-4442 device_id=esp32-s3-02 decision=unavailable reason=OSError(104,) elapsed_ms=17
RESULT run_id=esp32-field-01-13218718-5100 device_id=esp32-field-01 decision=unavailable reason=OSError(104,) elapsed_ms=12
RESULT run_id=esp32-xiao-servo-02-92666250-7425 device_id=esp32-xiao-servo-02 decision=unavailable reason=OSError(104,) elapsed_ms=16
RESULT run_id=esp32-s3-02-15955378-4443 device_id=esp32-s3-02 decision=unavailable reason=OSError(104,) elapsed_ms=12
RESULT run_id=esp32-field-01-13221250-5101 device_id=esp32-field-01 decision=unavailable reason=OSError(104,) elapsed_ms=16
RESULT run_id=esp32-s3-03-15961933-2856 device_id=esp32-s3-03 decision=unavailable reason=OSError(104,) elapsed_ms=13
RESULT run_id=esp32-xiao-servo-01-92662821-9776 device_id=esp32-xiao-servo-01 decision=unavailable reason=OSError(104,) elapsed_ms=12
RESULT run_id=esp32-field-01-13224026-5102 device_id=esp32-field-01 decision=unavailable reason=OSError(104,) elapsed_ms=12
RESULT run_id=esp32-s3-02-15958751-4444 device_id=esp32-s3-02 decision=unavailable reason=OSError(104,) elapsed_ms=13
RESULT run_id=esp32-field-01-13226355-5103 device_id=esp32-field-01 decision=unavailable reason=OSError(104,) elapsed_ms=12
RESULT run_id=esp32-s3-03-15967193-2857 device_id=esp32-s3-03 decision=unavailable reason=OSError(104,) elapsed_ms=12
RESULT run_id=esp32-s3-02-15962509-4445 device_id=esp32-s3-02 decision=unavailable reason=OSError(104,) elapsed_ms=15
RESULT run_id=esp32-field-01-13229253-5104 device_id=esp32-field-01 decision=unavailable reason=OSError(104,) elapsed_ms=14
RESULT run_id=esp32-s3-02-15966269-4446 device_id=esp32-s3-02 decision=unavailable reason=OSError(104,) elapsed_ms=14
RESULT run_id=esp32-field-01-13232099-5105 device_id=esp32-field-01 decision=unavailable reason=OSError(104,) elapsed_ms=13
RESULT run_id=esp32-xiao-servo-01-92671236-9777 device_id=esp32-xiao-servo-01 decision=unavailable reason=OSError(104,) elapsed_ms=16
RESULT run_id=esp32-s3-03-15972482-2858 device_id=esp32-s3-03 decision=unavailable reason=OSError(104,) elapsed_ms=12
RESULT run_id=esp32-xiao-servo-02-92677925-7426 device_id=esp32-xiao-servo-02 decision=unavailable reason=OSError(104,) elapsed_ms=37
RESULT run_id=esp32-field-01-13234446-5106 device_id=esp32-field-01 decision=unavailable reason=OSError(104,) elapsed_ms=14
RESULT run_id=esp32-s3-02-15969518-4447 device_id=esp32-s3-02 decision=unavailable reason=OSError(104,) elapsed_ms=12
RESULT run_id=esp32-field-01-13237024-5107 device_id=esp32-field-01 decision=unavailable reason=OSError(104,) elapsed_ms=15
RESULT run_id=esp32-s3-03-15977771-2859 device_id=esp32-s3-03 decision=unavailable reason=OSError(104,) elapsed_ms=15
RESULT run_id=esp32-s3-02-15973183-4448 device_id=esp32-s3-02 decision=unavailable reason=OSError(104,) elapsed_ms=13
RESULT run_id=esp32-field-01-13239649-5108 device_id=esp32-field-01 decision=unavailable reason=OSError(104,) elapsed_ms=14
RESULT run_id=esp32-xiao-servo-01-92679528-9778 device_id=esp32-xiao-servo-01 decision=unavailable reason=OSError(104,) elapsed_ms=12
RESULT run_id=esp32-field-01-13242291-5109 device_id=esp32-field-01 decision=unavailable reason=OSError(104,) elapsed_ms=17
RESULT run_id=esp32-s3-02-15976510-4449 device_id=esp32-s3-02 decision=unavailable reason=OSError(104,) elapsed_ms=16
RESULT run_id=esp32-s3-03-15982968-2860 device_id=esp32-s3-03 decision=unavailable reason=OSError(104,) elapsed_ms=15
RESULT run_id=esp32-xiao-servo-02-92689303-7427 device_id=esp32-xiao-servo-02 decision=unavailable reason=OSError(104,) elapsed_ms=12
RESULT run_id=esp32-field-01-13244566-5110 device_id=esp32-field-01 decision=unavailable reason=OSError(104,) elapsed_ms=14
RESULT run_id=esp32-s3-02-15980224-4450 device_id=esp32-s3-02 decision=unavailable reason=OSError(104,) elapsed_ms=16
RESULT run_id=esp32-field-01-13247278-5111 device_id=esp32-field-01 decision=unavailable reason=OSError(104,) elapsed_ms=13
RESULT run_id=esp32-s3-03-15988169-2861 device_id=esp32-s3-03 decision=unavailable reason=OSError(104,) elapsed_ms=17
RESULT run_id=esp32-xiao-servo-01-92688168-9779 device_id=esp32-xiao-servo-01 decision=unavailable reason=OSError(104,) elapsed_ms=12
RESULT run_id=esp32-s3-02-15983983-4451 device_id=esp32-s3-02 decision=unavailable reason=OSError(104,) elapsed_ms=17
RESULT run_id=esp32-field-01-13250155-5112 device_id=esp32-field-01 decision=unavailable reason=OSError(104,) elapsed_ms=13
RESULT run_id=esp32-field-01-13252453-5113 device_id=esp32-field-01 decision=unavailable reason=OSError(104,) elapsed_ms=16
RESULT run_id=esp32-s3-02-15987477-4452 device_id=esp32-s3-02 decision=unavailable reason=OSError(104,) elapsed_ms=18
RESULT run_id=esp32-s3-03-15993840-2862 device_id=esp32-s3-03 decision=unavailable reason=OSError(104,) elapsed_ms=15
RESULT run_id=esp32-field-01-13255164-5114 device_id=esp32-field-01 decision=unavailable reason=OSError(104,) elapsed_ms=12
RESULT run_id=esp32-xiao-servo-02-92700421-7428 device_id=esp32-xiao-servo-02 decision=unavailable reason=OSError(104,) elapsed_ms=12
RESULT run_id=esp32-s3-02-15990951-4453 device_id=esp32-s3-02 decision=unavailable reason=OSError(104,) elapsed_ms=13
RESULT run_id=esp32-field-01-13257488-5115 device_id=esp32-field-01 decision=unavailable reason=OSError(104,) elapsed_ms=14
RESULT run_id=esp32-xiao-servo-01-92696540-9780 device_id=esp32-xiao-servo-01 decision=unavailable reason=OSError(104,) elapsed_ms=14
RESULT run_id=esp32-s3-03-15999122-2863 device_id=esp32-s3-03 decision=unavailable reason=OSError(104,) elapsed_ms=14
RESULT run_id=esp32-field-01-13260005-5116 device_id=esp32-field-01 decision=unavailable reason=OSError(104,) elapsed_ms=14
RESULT run_id=esp32-s3-02-15994278-4454 device_id=esp32-s3-02 decision=unavailable reason=OSError(104,) elapsed_ms=13
RESULT run_id=esp32-field-01-13262308-5117 device_id=esp32-field-01 decision=unavailable reason=OSError(104,) elapsed_ms=20
RESULT run_id=esp32-s3-02-15997603-4455 device_id=esp32-s3-02 decision=unavailable reason=OSError(104,) elapsed_ms=14
RESULT run_id=esp32-field-01-13264517-5118 device_id=esp32-field-01 decision=unavailable reason=OSError(104,) elapsed_ms=12
RESULT run_id=esp32-s3-03-16004868-2864 device_id=esp32-s3-03 decision=unavailable reason=OSError(104,) elapsed_ms=12
RESULT run_id=esp32-xiao-servo-01-92705015-9781 device_id=esp32-xiao-servo-01 decision=unavailable reason=OSError(104,) elapsed_ms=12
RESULT run_id=esp32-s3-02-16000910-4456 device_id=esp32-s3-02 decision=unavailable reason=OSError(104,) elapsed_ms=13
RESULT run_id=esp32-field-01-13266927-5119 device_id=esp32-field-01 decision=unavailable reason=OSError(104,) elapsed_ms=13
RESULT run_id=esp32-xiao-servo-02-92712239-7429 device_id=esp32-xiao-servo-02 decision=unavailable reason=OSError(104,) elapsed_ms=12
RESULT run_id=esp32-field-01-13269150-5120 device_id=esp32-field-01 decision=unavailable reason=OSError(104,) elapsed_ms=14
RESULT run_id=esp32-s3-02-16004254-4457 device_id=esp32-s3-02 decision=unavailable reason=OSError(104,) elapsed_ms=13
RESULT run_id=esp32-s3-03-16010299-2865 device_id=esp32-s3-03 decision=unavailable reason=OSError(104,) elapsed_ms=15
RESULT run_id=esp32-field-01-13271954-5121 device_id=esp32-field-01 decision=unavailable reason=OSError(104,) elapsed_ms=12
RESULT run_id=esp32-s3-02-16007787-4458 device_id=esp32-s3-02 decision=unavailable reason=OSError(104,) elapsed_ms=14
RESULT run_id=esp32-field-01-13274221-5122 device_id=esp32-field-01 decision=unavailable reason=OSError(104,) elapsed_ms=22
RESULT run_id=esp32-xiao-servo-01-92713716-9782 device_id=esp32-xiao-servo-01 decision=unavailable reason=OSError(104,) elapsed_ms=12
RESULT run_id=esp32-s3-03-16015526-2866 device_id=esp32-s3-03 decision=unavailable reason=OSError(104,) elapsed_ms=15
RESULT run_id=esp32-field-01-13276858-5123 device_id=esp32-field-01 decision=unavailable reason=OSError(104,) elapsed_ms=13
RESULT run_id=esp32-s3-02-16011262-4459 device_id=esp32-s3-02 decision=unavailable reason=OSError(104,) elapsed_ms=13
RESULT run_id=esp32-xiao-servo-02-92723423-7430 device_id=esp32-xiao-servo-02 decision=unavailable reason=OSError(104,) elapsed_ms=12
RESULT run_id=esp32-field-01-13279567-5124 device_id=esp32-field-01 decision=unavailable reason=OSError(104,) elapsed_ms=13
RESULT run_id=esp32-s3-02-16015079-4460 device_id=esp32-s3-02 decision=unavailable reason=OSError(104,) elapsed_ms=14
RESULT run_id=esp32-s3-03-16021240-2867 device_id=esp32-s3-03 decision=unavailable reason=OSError(104,) elapsed_ms=22
RESULT run_id=esp32-field-01-13282071-5125 device_id=esp32-field-01 decision=unavailable reason=OSError(104,) elapsed_ms=17
RESULT run_id=esp32-xiao-servo-01-92722102-9783 device_id=esp32-xiao-servo-01 decision=unavailable reason=OSError(104,) elapsed_ms=15
RESULT run_id=esp32-field-01-13284372-5126 device_id=esp32-field-01 decision=unavailable reason=OSError(104,) elapsed_ms=12
RESULT run_id=esp32-s3-02-16018673-4461 device_id=esp32-s3-02 decision=unavailable reason=OSError(104,) elapsed_ms=14
RESULT run_id=esp32-s3-03-16026689-2868 device_id=esp32-s3-03 decision=unavailable reason=OSError(104,) elapsed_ms=12
RESULT run_id=esp32-field-01-13287233-5127 device_id=esp32-field-01 decision=unavailable reason=OSError(104,) elapsed_ms=14
RESULT run_id=esp32-s3-02-16022395-4462 device_id=esp32-s3-02 decision=unavailable reason=OSError(104,) elapsed_ms=14
RESULT run_id=esp32-xiao-servo-02-92734540-7431 device_id=esp32-xiao-servo-02 decision=unavailable reason=OSError(104,) elapsed_ms=12
RESULT run_id=esp32-field-01-13290125-5128 device_id=esp32-field-01 decision=unavailable reason=OSError(104,) elapsed_ms=16
RESULT run_id=esp32-xiao-servo-01-92730425-9784 device_id=esp32-xiao-servo-01 decision=unavailable reason=OSError(104,) elapsed_ms=12
RESULT run_id=esp32-s3-02-16025930-4463 device_id=esp32-s3-02 decision=unavailable reason=OSError(104,) elapsed_ms=18
RESULT run_id=esp32-field-01-13292485-5129 device_id=esp32-field-01 decision=unavailable reason=OSError(104,) elapsed_ms=13
RESULT run_id=esp32-s3-03-16032449-2869 device_id=esp32-s3-03 decision=unavailable reason=OSError(104,) elapsed_ms=17
RESULT run_id=esp32-field-01-13295185-5130 device_id=esp32-field-01 decision=unavailable reason=OSError(104,) elapsed_ms=14
RESULT run_id=esp32-s3-02-16029704-4464 device_id=esp32-s3-02 decision=unavailable reason=OSError(104,) elapsed_ms=39
RESULT run_id=esp32-field-01-13298021-5131 device_id=esp32-field-01 decision=unavailable reason=OSError(104,) elapsed_ms=13
RESULT run_id=esp32-s3-03-16038301-2870 device_id=esp32-s3-03 decision=unavailable reason=OSError(104,) elapsed_ms=14
RESULT run_id=esp32-s3-02-16032988-4465 device_id=esp32-s3-02 decision=unavailable reason=OSError(104,) elapsed_ms=14
RESULT run_id=esp32-xiao-servo-01-92739059-9785 device_id=esp32-xiao-servo-01 decision=unavailable reason=OSError(104,) elapsed_ms=12
RESULT run_id=esp32-field-01-13300826-5132 device_id=esp32-field-01 decision=unavailable reason=OSError(104,) elapsed_ms=13
RESULT run_id=esp32-xiao-servo-02-92746150-7432 device_id=esp32-xiao-servo-02 decision=unavailable reason=OSError(104,) elapsed_ms=13
RESULT run_id=esp32-s3-02-16036708-4466 device_id=esp32-s3-02 decision=unavailable reason=OSError(104,) elapsed_ms=40
RESULT run_id=esp32-field-01-13303138-5133 device_id=esp32-field-01 decision=unavailable reason=OSError(104,) elapsed_ms=12
RESULT run_id=esp32-s3-03-16043981-2871 device_id=esp32-s3-03 decision=unavailable reason=OSError(104,) elapsed_ms=16
RESULT run_id=esp32-field-01-13305575-5134 device_id=esp32-field-01 decision=unavailable reason=OSError(104,) elapsed_ms=18
RESULT run_id=esp32-s3-02-16040002-4467 device_id=esp32-s3-02 decision=unavailable reason=OSError(104,) elapsed_ms=13
RESULT run_id=esp32-field-01-13308064-5135 device_id=esp32-field-01 decision=unavailable reason=OSError(104,) elapsed_ms=12
RESULT run_id=esp32-xiao-servo-01-92747430-9786 device_id=esp32-xiao-servo-01 decision=unavailable reason=OSError(104,) elapsed_ms=13
RESULT run_id=esp32-s3-02-16043297-4468 device_id=esp32-s3-02 decision=unavailable reason=OSError(104,) elapsed_ms=12
RESULT run_id=esp32-s3-03-16049707-2872 device_id=esp32-s3-03 decision=unavailable reason=OSError(104,) elapsed_ms=16
RESULT run_id=esp32-field-01-13310485-5136 device_id=esp32-field-01 decision=unavailable reason=OSError(104,) elapsed_ms=12
RESULT run_id=esp32-xiao-servo-02-92757322-7433 device_id=esp32-xiao-servo-02 decision=unavailable reason=OSError(104,) elapsed_ms=12
RESULT run_id=esp32-s3-02-16046859-4469 device_id=esp32-s3-02 decision=unavailable reason=OSError(104,) elapsed_ms=12
RESULT run_id=esp32-field-01-13313042-5137 device_id=esp32-field-01 decision=unavailable reason=OSError(104,) elapsed_ms=13
RESULT run_id=esp32-s3-03-16055104-2873 device_id=esp32-s3-03 decision=unavailable reason=OSError(104,) elapsed_ms=17
RESULT run_id=esp32-field-01-13315500-5138 device_id=esp32-field-01 decision=unavailable reason=OSError(104,) elapsed_ms=13
RESULT run_id=esp32-s3-02-16050539-4470 device_id=esp32-s3-02 decision=unavailable reason=OSError(104,) elapsed_ms=12
RESULT run_id=esp32-xiao-servo-01-92755905-9787 device_id=esp32-xiao-servo-01 decision=unavailable reason=OSError(104,) elapsed_ms=13
RESULT run_id=esp32-field-01-13317900-5139 device_id=esp32-field-01 decision=unavailable reason=OSError(104,) elapsed_ms=15
RESULT run_id=esp32-s3-02-16054141-4471 device_id=esp32-s3-02 decision=unavailable reason=OSError(104,) elapsed_ms=18
RESULT run_id=esp32-field-01-13320728-5140 device_id=esp32-field-01 decision=unavailable reason=OSError(104,) elapsed_ms=13
RESULT run_id=esp32-s3-03-16060797-2874 device_id=esp32-s3-03 decision=unavailable reason=OSError(104,) elapsed_ms=14
RESULT run_id=esp32-field-01-13323082-5141 device_id=esp32-field-01 decision=unavailable reason=OSError(104,) elapsed_ms=13
RESULT run_id=esp32-s3-02-16057369-4472 device_id=esp32-s3-02 decision=unavailable reason=OSError(104,) elapsed_ms=15
RESULT run_id=esp32-xiao-servo-02-92769018-7434 device_id=esp32-xiao-servo-02 decision=unavailable reason=OSError(104,) elapsed_ms=12
RESULT run_id=esp32-xiao-servo-01-92764623-9788 device_id=esp32-xiao-servo-01 decision=unavailable reason=OSError(104,) elapsed_ms=12
RESULT run_id=esp32-field-01-13325754-5142 device_id=esp32-field-01 decision=unavailable reason=OSError(104,) elapsed_ms=13
RESULT run_id=esp32-s3-02-16060550-4473 device_id=esp32-s3-02 decision=unavailable reason=OSError(104,) elapsed_ms=13
RESULT run_id=esp32-s3-03-16066674-2875 device_id=esp32-s3-03 decision=unavailable reason=OSError(104,) elapsed_ms=12
RESULT run_id=esp32-field-01-13328593-5143 device_id=esp32-field-01 decision=unavailable reason=OSError(104,) elapsed_ms=31
RESULT run_id=esp32-s3-02-16064111-4474 device_id=esp32-s3-02 decision=unavailable reason=OSError(104,) elapsed_ms=18
RESULT run_id=esp32-field-01-13331095-5144 device_id=esp32-field-01 decision=unavailable reason=OSError(104,) elapsed_ms=13
RESULT run_id=esp32-s3-03-16072310-2876 device_id=esp32-s3-03 decision=unavailable reason=OSError(104,) elapsed_ms=14
RESULT run_id=esp32-field-01-13333585-5145 device_id=esp32-field-01 decision=unavailable reason=OSError(104,) elapsed_ms=13
RESULT run_id=esp32-s3-02-16067813-4475 device_id=esp32-s3-02 decision=unavailable reason=OSError(104,) elapsed_ms=13
RESULT run_id=esp32-xiao-servo-01-92773451-9789 device_id=esp32-xiao-servo-01 decision=unavailable reason=OSError(104,) elapsed_ms=12
RESULT run_id=esp32-xiao-servo-02-92780120-7435 device_id=esp32-xiao-servo-02 decision=unavailable reason=OSError(104,) elapsed_ms=13
RESULT run_id=esp32-field-01-13335913-5146 device_id=esp32-field-01 decision=unavailable reason=OSError(104,) elapsed_ms=13
RESULT run_id=esp32-s3-02-16071677-4476 device_id=esp32-s3-02 decision=unavailable reason=OSError(104,) elapsed_ms=33
RESULT run_id=esp32-s3-03-16078189-2877 device_id=esp32-s3-03 decision=unavailable reason=OSError(104,) elapsed_ms=57
RESULT run_id=esp32-field-01-13338601-5147 device_id=esp32-field-01 decision=unavailable reason=OSError(104,) elapsed_ms=19
RESULT run_id=esp32-field-01-13341015-5148 device_id=esp32-field-01 decision=unavailable reason=OSError(104,) elapsed_ms=13
RESULT run_id=esp32-s3-02-16075501-4477 device_id=esp32-s3-02 decision=unavailable reason=OSError(104,) elapsed_ms=13
RESULT run_id=esp32-xiao-servo-01-92782019-9790 device_id=esp32-xiao-servo-01 decision=unavailable reason=OSError(104,) elapsed_ms=13
RESULT run_id=esp32-field-01-13343343-5149 device_id=esp32-field-01 decision=unavailable reason=OSError(104,) elapsed_ms=12
RESULT run_id=esp32-s3-03-16083964-2878 device_id=esp32-s3-03 decision=unavailable reason=OSError(104,) elapsed_ms=15
RESULT run_id=esp32-s3-02-16078810-4478 device_id=esp32-s3-02 decision=unavailable reason=OSError(104,) elapsed_ms=34
RESULT run_id=esp32-field-01-13346017-5150 device_id=esp32-field-01 decision=unavailable reason=OSError(104,) elapsed_ms=14
RESULT run_id=esp32-xiao-servo-02-92791300-7436 device_id=esp32-xiao-servo-02 decision=unavailable reason=OSError(104,) elapsed_ms=13
RESULT run_id=esp32-s3-02-16082544-4479 device_id=esp32-s3-02 decision=unavailable reason=OSError(104,) elapsed_ms=18
RESULT run_id=esp32-field-01-13348749-5151 device_id=esp32-field-01 decision=unavailable reason=OSError(104,) elapsed_ms=15
RESULT run_id=esp32-s3-03-16089470-2879 device_id=esp32-s3-03 decision=unavailable reason=OSError(104,) elapsed_ms=13
RESULT run_id=esp32-xiao-servo-01-92790205-9791 device_id=esp32-xiao-servo-01 decision=unavailable reason=OSError(104,) elapsed_ms=13
RESULT run_id=esp32-field-01-13351341-5152 device_id=esp32-field-01 decision=unavailable reason=OSError(104,) elapsed_ms=16
RESULT run_id=esp32-s3-02-16086194-4480 device_id=esp32-s3-02 decision=unavailable reason=OSError(104,) elapsed_ms=13
RESULT run_id=esp32-field-01-13353981-5153 device_id=esp32-field-01 decision=unavailable reason=OSError(104,) elapsed_ms=12
RESULT run_id=esp32-s3-03-16095279-2880 device_id=esp32-s3-03 decision=unavailable reason=OSError(104,) elapsed_ms=12
RESULT run_id=esp32-s3-02-16089880-4481 device_id=esp32-s3-02 decision=unavailable reason=OSError(104,) elapsed_ms=13
RESULT run_id=esp32-field-01-13356548-5154 device_id=esp32-field-01 decision=unavailable reason=OSError(104,) elapsed_ms=16
RESULT run_id=esp32-xiao-servo-02-92803094-7437 device_id=esp32-xiao-servo-02 decision=unavailable reason=OSError(104,) elapsed_ms=12
RESULT run_id=esp32-s3-02-16093112-4482 device_id=esp32-s3-02 decision=unavailable reason=OSError(104,) elapsed_ms=13
RESULT run_id=esp32-field-01-13359419-5155 device_id=esp32-field-01 decision=unavailable reason=OSError(104,) elapsed_ms=15
RESULT run_id=esp32-xiao-servo-01-92798613-9792 device_id=esp32-xiao-servo-01 decision=unavailable reason=OSError(104,) elapsed_ms=12
RESULT run_id=esp32-s3-03-16100799-2881 device_id=esp32-s3-03 decision=unavailable reason=OSError(104,) elapsed_ms=14
RESULT run_id=esp32-field-01-13361839-5156 device_id=esp32-field-01 decision=unavailable reason=OSError(104,) elapsed_ms=13
RESULT run_id=esp32-s3-02-16096527-4483 device_id=esp32-s3-02 decision=unavailable reason=OSError(104,) elapsed_ms=15
RESULT run_id=esp32-field-01-13364516-5157 device_id=esp32-field-01 decision=unavailable reason=OSError(104,) elapsed_ms=14
RESULT run_id=esp32-s3-03-16106095-2882 device_id=esp32-s3-03 decision=unavailable reason=OSError(104,) elapsed_ms=13
RESULT run_id=esp32-s3-02-16100439-4484 device_id=esp32-s3-02 decision=unavailable reason=OSError(104,) elapsed_ms=13
RESULT run_id=esp32-field-01-13366870-5158 device_id=esp32-field-01 decision=unavailable reason=OSError(104,) elapsed_ms=15
RESULT run_id=esp32-xiao-servo-01-92807214-9793 device_id=esp32-xiao-servo-01 decision=unavailable reason=OSError(104,) elapsed_ms=12
RESULT run_id=esp32-xiao-servo-02-92814215-7438 device_id=esp32-xiao-servo-02 decision=unavailable reason=OSError(104,) elapsed_ms=13
RESULT run_id=esp32-field-01-13369246-5159 device_id=esp32-field-01 decision=unavailable reason=OSError(104,) elapsed_ms=12
RESULT run_id=esp32-s3-02-16103760-4485 device_id=esp32-s3-02 decision=unavailable reason=OSError(104,) elapsed_ms=13
RESULT run_id=esp32-s3-03-16111298-2883 device_id=esp32-s3-03 decision=unavailable reason=OSError(104,) elapsed_ms=12
RESULT run_id=esp32-field-01-13371718-5160 device_id=esp32-field-01 decision=unavailable reason=OSError(104,) elapsed_ms=12
RESULT run_id=esp32-s3-02-16107672-4486 device_id=esp32-s3-02 decision=unavailable reason=OSError(104,) elapsed_ms=13
RESULT run_id=esp32-field-01-13374279-5161 device_id=esp32-field-01 decision=unavailable reason=OSError(104,) elapsed_ms=14
RESULT run_id=esp32-s3-02-16110850-4487 device_id=esp32-s3-02 decision=unavailable reason=OSError(104,) elapsed_ms=13
RESULT run_id=esp32-field-01-13376659-5162 device_id=esp32-field-01 decision=unavailable reason=OSError(104,) elapsed_ms=14
RESULT run_id=esp32-xiao-servo-01-92815683-9794 device_id=esp32-xiao-servo-01 decision=unavailable reason=OSError(104,) elapsed_ms=12
RESULT run_id=esp32-s3-03-16116850-2884 device_id=esp32-s3-03 decision=unavailable reason=OSError(104,) elapsed_ms=12
RESULT run_id=esp32-field-01-13378995-5163 device_id=esp32-field-01 decision=unavailable reason=OSError(104,) elapsed_ms=13
RESULT run_id=esp32-s3-02-16114240-4488 device_id=esp32-s3-02 decision=unavailable reason=OSError(104,) elapsed_ms=17
RESULT run_id=esp32-xiao-servo-02-92825486-7439 device_id=esp32-xiao-servo-02 decision=unavailable reason=OSError(104,) elapsed_ms=12
RESULT run_id=esp32-field-01-13381267-5164 device_id=esp32-field-01 decision=unavailable reason=OSError(104,) elapsed_ms=13
RESULT run_id=esp32-s3-03-16122481-2885 device_id=esp32-s3-03 decision=unavailable reason=OSError(104,) elapsed_ms=14
RESULT run_id=esp32-field-01-13383602-5165 device_id=esp32-field-01 decision=unavailable reason=OSError(104,) elapsed_ms=15
RESULT run_id=esp32-s3-02-16118116-4489 device_id=esp32-s3-02 decision=unavailable reason=OSError(104,) elapsed_ms=14
RESULT run_id=esp32-xiao-servo-01-92824018-9795 device_id=esp32-xiao-servo-01 decision=unavailable reason=OSError(104,) elapsed_ms=12
RESULT run_id=esp32-field-01-13385972-5166 device_id=esp32-field-01 decision=unavailable reason=OSError(104,) elapsed_ms=15
RESULT run_id=esp32-s3-02-16121847-4490 device_id=esp32-s3-02 decision=unavailable reason=OSError(104,) elapsed_ms=14
RESULT run_id=esp32-s3-03-16128107-2886 device_id=esp32-s3-03 decision=unavailable reason=OSError(104,) elapsed_ms=13
RESULT run_id=esp32-field-01-13388260-5167 device_id=esp32-field-01 decision=unavailable reason=OSError(104,) elapsed_ms=13
RESULT run_id=esp32-field-01-13390663-5168 device_id=esp32-field-01 decision=unavailable reason=OSError(104,) elapsed_ms=13
RESULT run_id=esp32-s3-02-16125384-4491 device_id=esp32-s3-02 decision=unavailable reason=OSError(104,) elapsed_ms=13
RESULT run_id=esp32-xiao-servo-02-92837026-7440 device_id=esp32-xiao-servo-02 decision=unavailable reason=OSError(104,) elapsed_ms=13
RESULT run_id=esp32-s3-03-16133359-2887 device_id=esp32-s3-03 decision=unavailable reason=OSError(104,) elapsed_ms=34
RESULT run_id=esp32-xiao-servo-01-92832501-9796 device_id=esp32-xiao-servo-01 decision=unavailable reason=OSError(104,) elapsed_ms=24
RESULT run_id=esp32-field-01-13393582-5169 device_id=esp32-field-01 decision=unavailable reason=OSError(104,) elapsed_ms=13
RESULT run_id=esp32-s3-02-16129264-4492 device_id=esp32-s3-02 decision=unavailable reason=OSError(104,) elapsed_ms=13
RESULT run_id=esp32-field-01-13396133-5170 device_id=esp32-field-01 decision=unavailable reason=OSError(104,) elapsed_ms=17
RESULT run_id=esp32-s3-02-16132677-4493 device_id=esp32-s3-02 decision=unavailable reason=OSError(104,) elapsed_ms=12
RESULT run_id=esp32-field-01-13399042-5171 device_id=esp32-field-01 decision=unavailable reason=OSError(104,) elapsed_ms=12
RESULT run_id=esp32-s3-03-16138917-2888 device_id=esp32-s3-03 decision=unavailable reason=OSError(104,) elapsed_ms=15
RESULT run_id=esp32-field-01-13401618-5172 device_id=esp32-field-01 decision=unavailable reason=OSError(104,) elapsed_ms=15
RESULT run_id=esp32-xiao-servo-01-92840676-9797 device_id=esp32-xiao-servo-01 decision=unavailable reason=OSError(104,) elapsed_ms=12
RESULT run_id=esp32-s3-02-16136134-4494 device_id=esp32-s3-02 decision=unavailable reason=OSError(104,) elapsed_ms=13
RESULT run_id=esp32-xiao-servo-02-92848189-7441 device_id=esp32-xiao-servo-02 decision=unavailable reason=OSError(104,) elapsed_ms=13
RESULT run_id=esp32-field-01-13404007-5173 device_id=esp32-field-01 decision=unavailable reason=OSError(104,) elapsed_ms=13
RESULT run_id=esp32-s3-03-16144298-2889 device_id=esp32-s3-03 decision=accepted reason=provider_admissible elapsed_ms=39
RESULT run_id=esp32-s3-02-16139452-4495 device_id=esp32-s3-02 decision=accepted reason=provider_admissible elapsed_ms=37
RESULT run_id=esp32-field-01-13406436-5174 device_id=esp32-field-01 decision=accepted reason=provider_admissible elapsed_ms=32
RESULT run_id=esp32-field-01-13408937-5175 device_id=esp32-field-01 decision=accepted reason=provider_admissible elapsed_ms=42
RESULT run_id=esp32-s3-02-16143383-4496 device_id=esp32-s3-02 decision=accepted reason=provider_admissible elapsed_ms=36
RESULT run_id=esp32-s3-03-16150128-2890 device_id=esp32-s3-03 decision=accepted reason=provider_admissible elapsed_ms=39
RESULT run_id=esp32-xiao-servo-01-92849484-9798 device_id=esp32-xiao-servo-01 decision=accepted reason=provider_admissible elapsed_ms=34
RESULT run_id=esp32-field-01-13411589-5176 device_id=esp32-field-01 decision=accepted reason=provider_admissible elapsed_ms=73
RESULT run_id=esp32-s3-02-16147256-4497 device_id=esp32-s3-02 decision=accepted reason=provider_admissible elapsed_ms=36
RESULT run_id=esp32-field-01-13413934-5177 device_id=esp32-field-01 decision=accepted reason=provider_admissible elapsed_ms=33
RESULT run_id=esp32-xiao-servo-02-92859482-7442 device_id=esp32-xiao-servo-02 decision=accepted reason=provider_admissible elapsed_ms=57
RESULT run_id=esp32-s3-03-16155718-2891 device_id=esp32-s3-03 decision=accepted reason=provider_admissible elapsed_ms=41
RESULT run_id=esp32-s3-02-16150491-4498 device_id=esp32-s3-02 decision=accepted reason=provider_admissible elapsed_ms=42
RESULT run_id=esp32-field-01-13416504-5178 device_id=esp32-field-01 decision=accepted reason=provider_admissible elapsed_ms=35
RESULT run_id=esp32-field-01-13419167-5179 device_id=esp32-field-01 decision=accepted reason=provider_admissible elapsed_ms=34
RESULT run_id=esp32-s3-02-16153881-4499 device_id=esp32-s3-02 decision=accepted reason=provider_admissible elapsed_ms=33
RESULT run_id=esp32-xiao-servo-01-92859165-9799 device_id=esp32-xiao-servo-01 decision=accepted reason=provider_admissible elapsed_ms=32
RESULT run_id=esp32-s3-03-16161085-2892 device_id=esp32-s3-03 decision=accepted reason=provider_admissible elapsed_ms=36
RESULT run_id=esp32-field-01-13421972-5180 device_id=esp32-field-01 decision=accepted reason=provider_admissible elapsed_ms=36
RESULT run_id=esp32-s3-02-16157728-4500 device_id=esp32-s3-02 decision=accepted reason=provider_admissible elapsed_ms=37
RESULT run_id=esp32-field-01-13424189-5181 device_id=esp32-field-01 decision=accepted reason=provider_admissible elapsed_ms=57
RESULT run_id=esp32-field-01-13426461-5182 device_id=esp32-field-01 decision=accepted reason=provider_admissible elapsed_ms=37
RESULT run_id=esp32-s3-03-16166602-2893 device_id=esp32-s3-03 decision=accepted reason=provider_admissible elapsed_ms=40
RESULT run_id=esp32-s3-02-16161200-4501 device_id=esp32-s3-02 decision=accepted reason=provider_admissible elapsed_ms=38
RESULT run_id=esp32-xiao-servo-02-92872152-7443 device_id=esp32-xiao-servo-02 decision=accepted reason=provider_admissible elapsed_ms=34
RESULT run_id=esp32-field-01-13429072-5183 device_id=esp32-field-01 decision=accepted reason=provider_admissible elapsed_ms=46
RESULT run_id=esp32-s3-02-16164618-4502 device_id=esp32-s3-02 decision=accepted reason=provider_admissible elapsed_ms=35
RESULT run_id=esp32-xiao-servo-01-92868891-9800 device_id=esp32-xiao-servo-01 decision=accepted reason=provider_admissible elapsed_ms=35
RESULT run_id=esp32-field-01-13432064-5184 device_id=esp32-field-01 decision=accepted reason=provider_admissible elapsed_ms=45
RESULT run_id=esp32-s3-03-16172229-2894 device_id=esp32-s3-03 decision=accepted reason=provider_admissible elapsed_ms=33
RESULT run_id=esp32-s3-02-16168422-4503 device_id=esp32-s3-02 decision=accepted reason=provider_admissible elapsed_ms=32
RESULT run_id=esp32-field-01-13434653-5185 device_id=esp32-field-01 decision=accepted reason=provider_admissible elapsed_ms=38
RESULT run_id=esp32-field-01-13437391-5186 device_id=esp32-field-01 decision=accepted reason=provider_admissible elapsed_ms=37
RESULT run_id=esp32-s3-02-16171633-4504 device_id=esp32-s3-02 decision=accepted reason=provider_admissible elapsed_ms=40
RESULT run_id=esp32-s3-03-16178103-2895 device_id=esp32-s3-03 decision=accepted reason=provider_admissible elapsed_ms=59
RESULT run_id=esp32-xiao-servo-01-92878037-9801 device_id=esp32-xiao-servo-01 decision=accepted reason=provider_admissible elapsed_ms=32
RESULT run_id=esp32-field-01-13440308-5187 device_id=esp32-field-01 decision=accepted reason=provider_admissible elapsed_ms=35
RESULT run_id=esp32-xiao-servo-02-92884964-7444 device_id=esp32-xiao-servo-02 decision=accepted reason=provider_admissible elapsed_ms=54
RESULT run_id=esp32-s3-02-16175435-4505 device_id=esp32-s3-02 decision=accepted reason=provider_admissible elapsed_ms=38
RESULT run_id=esp32-field-01-13443162-5188 device_id=esp32-field-01 decision=accepted reason=provider_admissible elapsed_ms=47
RESULT run_id=esp32-s3-03-16183391-2896 device_id=esp32-s3-03 decision=accepted reason=provider_admissible elapsed_ms=36
RESULT run_id=esp32-s3-02-16178809-4506 device_id=esp32-s3-02 decision=accepted reason=provider_admissible elapsed_ms=39
RESULT run_id=esp32-field-01-13445715-5189 device_id=esp32-field-01 decision=accepted reason=provider_admissible elapsed_ms=35
RESULT run_id=esp32-field-01-13448129-5190 device_id=esp32-field-01 decision=accepted reason=provider_admissible elapsed_ms=40
RESULT run_id=esp32-s3-02-16182463-4507 device_id=esp32-s3-02 decision=accepted reason=provider_admissible elapsed_ms=33
RESULT run_id=esp32-s3-03-16188912-2897 device_id=esp32-s3-03 decision=accepted reason=provider_admissible elapsed_ms=37
RESULT run_id=esp32-xiao-servo-01-92887507-9802 device_id=esp32-xiao-servo-01 decision=accepted reason=provider_admissible elapsed_ms=32
RESULT run_id=esp32-field-01-13450917-5191 device_id=esp32-field-01 decision=accepted reason=provider_admissible elapsed_ms=44
RESULT run_id=esp32-s3-02-16186256-4508 device_id=esp32-s3-02 decision=accepted reason=provider_admissible elapsed_ms=35
RESULT run_id=esp32-xiao-servo-02-92897703-7445 device_id=esp32-xiao-servo-02 decision=accepted reason=provider_admissible elapsed_ms=30
RESULT run_id=esp32-field-01-13453850-5192 device_id=esp32-field-01 decision=accepted reason=provider_admissible elapsed_ms=48
RESULT run_id=esp32-s3-03-16194700-2898 device_id=esp32-s3-03 decision=accepted reason=provider_admissible elapsed_ms=37
RESULT run_id=esp32-s3-02-16190093-4509 device_id=esp32-s3-02 decision=accepted reason=provider_admissible elapsed_ms=39
RESULT run_id=esp32-field-01-13456121-5193 device_id=esp32-field-01 decision=accepted reason=provider_admissible elapsed_ms=51
RESULT run_id=esp32-field-01-13458675-5194 device_id=esp32-field-01 decision=accepted reason=provider_admissible elapsed_ms=55
RESULT run_id=esp32-xiao-servo-01-92896871-9803 device_id=esp32-xiao-servo-01 decision=accepted reason=provider_admissible elapsed_ms=32
RESULT run_id=esp32-s3-02-16194000-4510 device_id=esp32-s3-02 decision=accepted reason=provider_admissible elapsed_ms=37
RESULT run_id=esp32-s3-03-16200264-2899 device_id=esp32-s3-03 decision=accepted reason=provider_admissible elapsed_ms=34
RESULT run_id=esp32-field-01-13461548-5195 device_id=esp32-field-01 decision=accepted reason=provider_admissible elapsed_ms=33
RESULT run_id=esp32-s3-02-16197410-4511 device_id=esp32-s3-02 decision=accepted reason=provider_admissible elapsed_ms=36
RESULT run_id=esp32-field-01-13464404-5196 device_id=esp32-field-01 decision=accepted reason=provider_admissible elapsed_ms=49
RESULT run_id=esp32-s3-03-16206211-2900 device_id=esp32-s3-03 decision=accepted reason=provider_admissible elapsed_ms=34
RESULT run_id=esp32-xiao-servo-02-92910494-7446 device_id=esp32-xiao-servo-02 decision=accepted reason=provider_admissible elapsed_ms=33
RESULT run_id=esp32-s3-02-16200649-4512 device_id=esp32-s3-02 decision=accepted reason=provider_admissible elapsed_ms=32
RESULT run_id=esp32-field-01-13467135-5197 device_id=esp32-field-01 decision=accepted reason=provider_admissible elapsed_ms=53
RESULT run_id=esp32-xiao-servo-01-92906506-9804 device_id=esp32-xiao-servo-01 decision=accepted reason=provider_admissible elapsed_ms=35
RESULT run_id=esp32-field-01-13469375-5198 device_id=esp32-field-01 decision=accepted reason=provider_admissible elapsed_ms=40
RESULT run_id=esp32-s3-02-16204193-4513 device_id=esp32-s3-02 decision=accepted reason=provider_admissible elapsed_ms=36
RESULT run_id=esp32-s3-03-16211592-2901 device_id=esp32-s3-03 decision=accepted reason=provider_admissible elapsed_ms=37
RESULT run_id=esp32-field-01-13471839-5199 device_id=esp32-field-01 decision=accepted reason=provider_admissible elapsed_ms=32
RESULT run_id=esp32-s3-02-16207400-4514 device_id=esp32-s3-02 decision=accepted reason=provider_admissible elapsed_ms=37
RESULT run_id=esp32-field-01-13474420-5200 device_id=esp32-field-01 decision=accepted reason=provider_admissible elapsed_ms=32
RESULT run_id=esp32-s3-02-16210976-4515 device_id=esp32-s3-02 decision=accepted reason=provider_admissible elapsed_ms=33
RESULT run_id=esp32-s3-03-16217054-2902 device_id=esp32-s3-03 decision=accepted reason=provider_admissible elapsed_ms=35
RESULT run_id=esp32-field-01-13477401-5201 device_id=esp32-field-01 decision=accepted reason=provider_admissible elapsed_ms=35
RESULT run_id=esp32-xiao-servo-01-92916318-9805 device_id=esp32-xiao-servo-01 decision=accepted reason=provider_admissible elapsed_ms=54
RESULT run_id=esp32-xiao-servo-02-92923242-7447 device_id=esp32-xiao-servo-02 decision=accepted reason=provider_admissible elapsed_ms=33
RESULT run_id=esp32-field-01-13479694-5202 device_id=esp32-field-01 decision=accepted reason=provider_admissible elapsed_ms=36
RESULT run_id=esp32-s3-02-16214782-4516 device_id=esp32-s3-02 decision=accepted reason=provider_admissible elapsed_ms=33
RESULT run_id=esp32-field-01-13482429-5203 device_id=esp32-field-01 decision=accepted reason=provider_admissible elapsed_ms=36
RESULT run_id=esp32-s3-03-16222851-2903 device_id=esp32-s3-03 decision=accepted reason=provider_admissible elapsed_ms=42
RESULT run_id=esp32-s3-02-16218043-4517 device_id=esp32-s3-02 decision=accepted reason=provider_admissible elapsed_ms=34
RESULT run_id=esp32-field-01-13484795-5204 device_id=esp32-field-01 decision=accepted reason=provider_admissible elapsed_ms=34
RESULT run_id=esp32-field-01-13487360-5205 device_id=esp32-field-01 decision=accepted reason=provider_admissible elapsed_ms=41
RESULT run_id=esp32-s3-02-16221778-4518 device_id=esp32-s3-02 decision=accepted reason=provider_admissible elapsed_ms=33
RESULT run_id=esp32-xiao-servo-01-92925561-9806 device_id=esp32-xiao-servo-01 decision=accepted reason=provider_admissible elapsed_ms=32
RESULT run_id=esp32-s3-03-16228202-2904 device_id=esp32-s3-03 decision=accepted reason=provider_admissible elapsed_ms=41
RESULT run_id=esp32-field-01-13490168-5206 device_id=esp32-field-01 decision=accepted reason=provider_admissible elapsed_ms=37
RESULT run_id=esp32-s3-02-16225532-4519 device_id=esp32-s3-02 decision=accepted reason=provider_admissible elapsed_ms=85
RESULT run_id=esp32-xiao-servo-02-92936012-7448 device_id=esp32-xiao-servo-02 decision=accepted reason=provider_admissible elapsed_ms=34
RESULT run_id=esp32-field-01-13492373-5207 device_id=esp32-field-01 decision=accepted reason=provider_admissible elapsed_ms=32
RESULT run_id=esp32-s3-03-16233447-2905 device_id=esp32-s3-03 decision=accepted reason=provider_admissible elapsed_ms=36
RESULT run_id=esp32-s3-02-16229174-4520 device_id=esp32-s3-02 decision=accepted reason=provider_admissible elapsed_ms=34
RESULT run_id=esp32-field-01-13495222-5208 device_id=esp32-field-01 decision=accepted reason=provider_admissible elapsed_ms=36
RESULT run_id=esp32-xiao-servo-01-92934695-9807 device_id=esp32-xiao-servo-01 decision=accepted reason=provider_admissible elapsed_ms=33
RESULT run_id=esp32-field-01-13497903-5209 device_id=esp32-field-01 decision=accepted reason=provider_admissible elapsed_ms=31
RESULT run_id=esp32-s3-02-16232621-4521 device_id=esp32-s3-02 decision=accepted reason=provider_admissible elapsed_ms=46
RESULT run_id=esp32-s3-03-16238670-2906 device_id=esp32-s3-03 decision=accepted reason=provider_admissible elapsed_ms=33
RESULT run_id=esp32-field-01-13500798-5210 device_id=esp32-field-01 decision=accepted reason=provider_admissible elapsed_ms=36
RESULT run_id=esp32-s3-02-16236504-4522 device_id=esp32-s3-02 decision=accepted reason=provider_admissible elapsed_ms=33
RESULT run_id=esp32-field-01-13503339-5211 device_id=esp32-field-01 decision=accepted reason=provider_admissible elapsed_ms=39
RESULT run_id=esp32-xiao-servo-02-92948422-7449 device_id=esp32-xiao-servo-02 decision=accepted reason=provider_admissible elapsed_ms=31
RESULT run_id=esp32-s3-03-16244357-2907 device_id=esp32-s3-03 decision=accepted reason=provider_admissible elapsed_ms=38
RESULT run_id=esp32-s3-02-16240059-4523 device_id=esp32-s3-02 decision=accepted reason=provider_admissible elapsed_ms=40
RESULT run_id=esp32-field-01-13506214-5212 device_id=esp32-field-01 decision=accepted reason=provider_admissible elapsed_ms=31
RESULT run_id=esp32-xiao-servo-01-92944253-9808 device_id=esp32-xiao-servo-01 decision=accepted reason=provider_admissible elapsed_ms=38
RESULT run_id=esp32-field-01-13508528-5213 device_id=esp32-field-01 decision=accepted reason=provider_admissible elapsed_ms=36
RESULT run_id=esp32-s3-02-16243555-4524 device_id=esp32-s3-02 decision=accepted reason=provider_admissible elapsed_ms=38
RESULT run_id=esp32-s3-03-16250046-2908 device_id=esp32-s3-03 decision=accepted reason=provider_admissible elapsed_ms=35
RESULT run_id=esp32-field-01-13511238-5214 device_id=esp32-field-01 decision=accepted reason=provider_admissible elapsed_ms=34
RESULT run_id=esp32-s3-02-16247101-4525 device_id=esp32-s3-02 decision=accepted reason=provider_admissible elapsed_ms=80
RESULT run_id=esp32-field-01-13514008-5215 device_id=esp32-field-01 decision=accepted reason=provider_admissible elapsed_ms=37
RESULT run_id=esp32-s3-03-16255408-2909 device_id=esp32-s3-03 decision=accepted reason=provider_admissible elapsed_ms=44
RESULT run_id=esp32-xiao-servo-01-92953556-9809 device_id=esp32-xiao-servo-01 decision=accepted reason=provider_admissible elapsed_ms=32
RESULT run_id=esp32-s3-02-16250512-4526 device_id=esp32-s3-02 decision=accepted reason=provider_admissible elapsed_ms=35
RESULT run_id=esp32-field-01-13516706-5216 device_id=esp32-field-01 decision=accepted reason=provider_admissible elapsed_ms=33
RESULT run_id=esp32-xiao-servo-02-92960937-7450 device_id=esp32-xiao-servo-02 decision=accepted reason=provider_admissible elapsed_ms=33
RESULT run_id=esp32-field-01-13519457-5217 device_id=esp32-field-01 decision=accepted reason=provider_admissible elapsed_ms=85
RESULT run_id=esp32-s3-02-16254222-4527 device_id=esp32-s3-02 decision=accepted reason=provider_admissible elapsed_ms=34
RESULT run_id=esp32-s3-03-16261119-2910 device_id=esp32-s3-03 decision=accepted reason=provider_admissible elapsed_ms=34
RESULT run_id=esp32-field-01-13521887-5218 device_id=esp32-field-01 decision=accepted reason=provider_admissible elapsed_ms=36
RESULT run_id=esp32-s3-02-16257927-4528 device_id=esp32-s3-02 decision=accepted reason=provider_admissible elapsed_ms=37
RESULT run_id=esp32-field-01-13524834-5219 device_id=esp32-field-01 decision=accepted reason=provider_admissible elapsed_ms=35
RESULT run_id=esp32-xiao-servo-01-92963210-9810 device_id=esp32-xiao-servo-01 decision=accepted reason=provider_admissible elapsed_ms=32
RESULT run_id=esp32-s3-03-16266388-2911 device_id=esp32-s3-03 decision=accepted reason=provider_admissible elapsed_ms=36
RESULT run_id=esp32-field-01-13527206-5220 device_id=esp32-field-01 decision=accepted reason=provider_admissible elapsed_ms=40
RESULT run_id=esp32-s3-02-16261474-4529 device_id=esp32-s3-02 decision=accepted reason=provider_admissible elapsed_ms=35
RESULT run_id=esp32-xiao-servo-02-92973521-7451 device_id=esp32-xiao-servo-02 decision=accepted reason=provider_admissible elapsed_ms=32
RESULT run_id=esp32-field-01-13529673-5221 device_id=esp32-field-01 decision=accepted reason=provider_admissible elapsed_ms=38
RESULT run_id=esp32-s3-02-16265172-4530 device_id=esp32-s3-02 decision=accepted reason=provider_admissible elapsed_ms=36
RESULT run_id=esp32-field-01-13531893-5222 device_id=esp32-field-01 decision=accepted reason=provider_admissible elapsed_ms=33
RESULT run_id=esp32-s3-03-16271910-2912 device_id=esp32-s3-03 decision=accepted reason=provider_admissible elapsed_ms=35
RESULT run_id=esp32-field-01-13534257-5223 device_id=esp32-field-01 decision=accepted reason=provider_admissible elapsed_ms=63
RESULT run_id=esp32-s3-02-16268564-4531 device_id=esp32-s3-02 decision=accepted reason=provider_admissible elapsed_ms=33
RESULT run_id=esp32-xiao-servo-01-92972524-9811 device_id=esp32-xiao-servo-01 decision=accepted reason=provider_admissible elapsed_ms=68
RESULT run_id=esp32-field-01-13536541-5224 device_id=esp32-field-01 decision=accepted reason=provider_admissible elapsed_ms=34
RESULT run_id=esp32-s3-03-16277200-2913 device_id=esp32-s3-03 decision=accepted reason=provider_admissible elapsed_ms=44
RESULT run_id=esp32-s3-02-16271957-4532 device_id=esp32-s3-02 decision=accepted reason=provider_admissible elapsed_ms=35
RESULT run_id=esp32-field-01-13539224-5225 device_id=esp32-field-01 decision=accepted reason=provider_admissible elapsed_ms=35
RESULT run_id=esp32-s3-02-16275444-4533 device_id=esp32-s3-02 decision=accepted reason=provider_admissible elapsed_ms=33
RESULT run_id=esp32-field-01-13541449-5226 device_id=esp32-field-01 decision=accepted reason=provider_admissible elapsed_ms=34
RESULT run_id=esp32-xiao-servo-02-92986120-7452 device_id=esp32-xiao-servo-02 decision=accepted reason=provider_admissible elapsed_ms=34
RESULT run_id=esp32-s3-03-16282671-2914 device_id=esp32-s3-03 decision=accepted reason=provider_admissible elapsed_ms=36
RESULT run_id=esp32-field-01-13544117-5227 device_id=esp32-field-01 decision=accepted reason=provider_admissible elapsed_ms=36
RESULT run_id=esp32-xiao-servo-01-92982156-9812 device_id=esp32-xiao-servo-01 decision=accepted reason=provider_admissible elapsed_ms=35
RESULT run_id=esp32-s3-02-16279391-4534 device_id=esp32-s3-02 decision=accepted reason=provider_admissible elapsed_ms=34
RESULT run_id=esp32-field-01-13546858-5228 device_id=esp32-field-01 decision=accepted reason=provider_admissible elapsed_ms=40
RESULT run_id=esp32-s3-02-16282700-4535 device_id=esp32-s3-02 decision=accepted reason=provider_admissible elapsed_ms=36
RESULT run_id=esp32-s3-03-16288362-2915 device_id=esp32-s3-03 decision=accepted reason=provider_admissible elapsed_ms=41
RESULT run_id=esp32-field-01-13549304-5229 device_id=esp32-field-01 decision=accepted reason=provider_admissible elapsed_ms=33
RESULT run_id=esp32-field-01-13551514-5230 device_id=esp32-field-01 decision=accepted reason=provider_admissible elapsed_ms=33
RESULT run_id=esp32-s3-02-16285990-4536 device_id=esp32-s3-02 decision=accepted reason=provider_admissible elapsed_ms=34
RESULT run_id=esp32-xiao-servo-01-92991482-9813 device_id=esp32-xiao-servo-01 decision=accepted reason=provider_admissible elapsed_ms=37
RESULT run_id=esp32-s3-03-16293612-2916 device_id=esp32-s3-03 decision=accepted reason=provider_admissible elapsed_ms=37
RESULT run_id=esp32-field-01-13554240-5231 device_id=esp32-field-01 decision=accepted reason=provider_admissible elapsed_ms=34
RESULT run_id=esp32-xiao-servo-02-92998683-7453 device_id=esp32-xiao-servo-02 decision=accepted reason=provider_admissible elapsed_ms=37
RESULT run_id=esp32-s3-02-16289904-4537 device_id=esp32-s3-02 decision=accepted reason=provider_admissible elapsed_ms=33
RESULT run_id=esp32-field-01-13557103-5232 device_id=esp32-field-01 decision=accepted reason=provider_admissible elapsed_ms=37
RESULT run_id=esp32-s3-03-16299364-2917 device_id=esp32-s3-03 decision=accepted reason=provider_admissible elapsed_ms=36
RESULT run_id=esp32-s3-02-16293730-4538 device_id=esp32-s3-02 decision=accepted reason=provider_admissible elapsed_ms=35
RESULT run_id=esp32-field-01-13559601-5233 device_id=esp32-field-01 decision=accepted reason=provider_admissible elapsed_ms=47
RESULT run_id=esp32-field-01-13561834-5234 device_id=esp32-field-01 decision=accepted reason=provider_admissible elapsed_ms=41
RESULT run_id=esp32-xiao-servo-01-93001250-9814 device_id=esp32-xiao-servo-01 decision=accepted reason=provider_admissible elapsed_ms=32
RESULT run_id=esp32-s3-02-16297542-4539 device_id=esp32-s3-02 decision=accepted reason=provider_admissible elapsed_ms=39
RESULT run_id=esp32-field-01-13564065-5235 device_id=esp32-field-01 decision=accepted reason=provider_admissible elapsed_ms=35
RESULT run_id=esp32-s3-03-16305027-2918 device_id=esp32-s3-03 decision=accepted reason=provider_admissible elapsed_ms=36
RESULT run_id=esp32-field-01-13566343-5236 device_id=esp32-field-01 decision=accepted reason=provider_admissible elapsed_ms=39
RESULT run_id=esp32-s3-02-16300928-4540 device_id=esp32-s3-02 decision=accepted reason=provider_admissible elapsed_ms=38
RESULT run_id=esp32-xiao-servo-02-93011124-7454 device_id=esp32-xiao-servo-02 decision=accepted reason=provider_admissible elapsed_ms=37
RESULT run_id=esp32-field-01-13568730-5237 device_id=esp32-field-01 decision=accepted reason=provider_admissible elapsed_ms=34
RESULT run_id=esp32-s3-03-16310431-2919 device_id=esp32-s3-03 decision=accepted reason=provider_admissible elapsed_ms=36
RESULT run_id=esp32-s3-02-16304834-4541 device_id=esp32-s3-02 decision=accepted reason=provider_admissible elapsed_ms=35
RESULT run_id=esp32-field-01-13571334-5238 device_id=esp32-field-01 decision=accepted reason=provider_admissible elapsed_ms=40
RESULT run_id=esp32-xiao-servo-01-93010522-9815 device_id=esp32-xiao-servo-01 decision=accepted reason=provider_admissible elapsed_ms=34
RESULT run_id=esp32-s3-02-16308385-4542 device_id=esp32-s3-02 decision=accepted reason=provider_admissible elapsed_ms=39
RESULT run_id=esp32-field-01-13574255-5239 device_id=esp32-field-01 decision=accepted reason=provider_admissible elapsed_ms=32
RESULT run_id=esp32-s3-03-16316193-2920 device_id=esp32-s3-03 decision=accepted reason=provider_admissible elapsed_ms=38
RESULT run_id=esp32-field-01-13577038-5240 device_id=esp32-field-01 decision=accepted reason=provider_admissible elapsed_ms=34
RESULT run_id=esp32-s3-02-16311851-4543 device_id=esp32-s3-02 decision=accepted reason=provider_admissible elapsed_ms=38
RESULT run_id=esp32-xiao-servo-02-93023650-7455 device_id=esp32-xiao-servo-02 decision=accepted reason=provider_admissible elapsed_ms=32
RESULT run_id=esp32-field-01-13579554-5241 device_id=esp32-field-01 decision=accepted reason=provider_admissible elapsed_ms=37
RESULT run_id=esp32-s3-02-16315433-4544 device_id=esp32-s3-02 decision=accepted reason=provider_admissible elapsed_ms=35
RESULT run_id=esp32-s3-03-16321648-2921 device_id=esp32-s3-03 decision=accepted reason=provider_admissible elapsed_ms=35
RESULT run_id=esp32-field-01-13581833-5242 device_id=esp32-field-01 decision=accepted reason=provider_admissible elapsed_ms=37
RESULT run_id=esp32-xiao-servo-01-93019840-9816 device_id=esp32-xiao-servo-01 decision=accepted reason=provider_admissible elapsed_ms=35
RESULT run_id=esp32-field-01-13584102-5243 device_id=esp32-field-01 decision=accepted reason=provider_admissible elapsed_ms=90
RESULT run_id=esp32-s3-02-16319157-4545 device_id=esp32-s3-02 decision=accepted reason=provider_admissible elapsed_ms=35
RESULT run_id=esp32-field-01-13586707-5244 device_id=esp32-field-01 decision=accepted reason=provider_admissible elapsed_ms=41
RESULT run_id=esp32-s3-03-16327178-2922 device_id=esp32-s3-03 decision=accepted reason=provider_admissible elapsed_ms=34
RESULT run_id=esp32-s3-02-16322422-4546 device_id=esp32-s3-02 decision=accepted reason=provider_admissible elapsed_ms=34
