2026-08-20T00:24:32.5013572-04:00 FLEET015_WITNESS_READY pin=GPIO5
2026-08-20T00:24:32.5013572-04:00 mode=servo_pwm_observer expected_hz=50
2026-08-20T00:24:37.5223827-04:00 WITNESS_HEARTBEAT ticks_ms=607518 state=IDLE
2026-08-20T00:24:38.4478529-04:00 WITNESS_BURST_START ticks_ms=608478
2026-08-20T00:24:39.6128880-04:00 WITNESS_BURST_END ticks_ms=609608 pulses=50 duration_ms=980 pulse_min_us=1998 pulse_max_us=2001
2026-08-20T00:24:42.5246260-04:00 WITNESS_HEARTBEAT ticks_ms=612526 state=IDLE
2026-08-20T00:24:47.5466641-04:00 WITNESS_HEARTBEAT ticks_ms=617546 state=IDLE
2026-08-20T00:24:47.9523416-04:00 WITNESS_BURST_START ticks_ms=617982
2026-08-20T00:24:49.1183133-04:00 WITNESS_BURST_END ticks_ms=619111 pulses=50 duration_ms=979 pulse_min_us=846 pulse_max_us=2001
2026-08-20T00:24:52.5684666-04:00 WITNESS_HEARTBEAT ticks_ms=622569 state=IDLE
2026-08-20T00:24:57.2948160-04:00 WITNESS_BURST_START ticks_ms=627326
2026-08-20T00:24:57.5572305-04:00 WITNESS_HEARTBEAT ticks_ms=627586 state=ACTIVE
2026-08-20T00:24:58.4570942-04:00 WITNESS_BURST_END ticks_ms=628456 pulses=50 duration_ms=979 pulse_min_us=853 pulse_max_us=2001
2026-08-20T00:25:02.6062127-04:00 WITNESS_HEARTBEAT ticks_ms=632605 state=IDLE
2026-08-20T00:25:06.6965771-04:00 WITNESS_BURST_START ticks_ms=636731
2026-08-20T00:25:07.5856143-04:00 WITNESS_HEARTBEAT ticks_ms=637611 state=ACTIVE
2026-08-20T00:25:07.8590856-04:00 WITNESS_BURST_END ticks_ms=637860 pulses=50 duration_ms=978 pulse_min_us=846 pulse_max_us=2001
2026-08-20T00:25:12.6372930-04:00 WITNESS_HEARTBEAT ticks_ms=642640 state=IDLE
2026-08-20T00:25:15.8464703-04:00 WITNESS_BURST_START ticks_ms=645869
2026-08-20T00:25:16.9954783-04:00 WITNESS_BURST_END ticks_ms=646998 pulses=50 duration_ms=979 pulse_min_us=757 pulse_max_us=2001
2026-08-20T00:25:17.6944220-04:00 WITNESS_HEARTBEAT ticks_ms=647662 state=IDLE
2026-08-20T00:25:22.6860443-04:00 WITNESS_HEARTBEAT ticks_ms=652682 state=IDLE
2026-08-20T00:25:25.2904788-04:00 WITNESS_BURST_START ticks_ms=655326
2026-08-20T00:25:26.4635887-04:00 WITNESS_BURST_END ticks_ms=656456 pulses=50 duration_ms=979 pulse_min_us=855 pulse_max_us=2001
2026-08-20T00:25:27.6899718-04:00 WITNESS_HEARTBEAT ticks_ms=657693 state=IDLE
2026-08-20T00:25:32.7131436-04:00 WITNESS_HEARTBEAT ticks_ms=662714 state=IDLE
2026-08-20T00:25:35.0294845-04:00 WITNESS_BURST_START ticks_ms=665054
2026-08-20T00:25:36.1848014-04:00 WITNESS_BURST_END ticks_ms=666184 pulses=50 duration_ms=980 pulse_min_us=1535 pulse_max_us=2001
2026-08-20T00:25:37.7228480-04:00 WITNESS_HEARTBEAT ticks_ms=667720 state=IDLE
2026-08-20T00:25:42.7461281-04:00 WITNESS_HEARTBEAT ticks_ms=672740 state=IDLE
2026-08-20T00:25:44.5569036-04:00 WITNESS_BURST_START ticks_ms=674583
2026-08-20T00:25:45.7191408-04:00 WITNESS_BURST_END ticks_ms=675712 pulses=50 duration_ms=978 pulse_min_us=844 pulse_max_us=2001
2026-08-20T00:25:47.7561702-04:00 WITNESS_HEARTBEAT ticks_ms=677757 state=IDLE
2026-08-20T00:25:52.7832451-04:00 WITNESS_HEARTBEAT ticks_ms=682778 state=IDLE
2026-08-20T00:25:54.1608779-04:00 WITNESS_BURST_START ticks_ms=684196
2026-08-20T00:25:55.3209019-04:00 WITNESS_BURST_END ticks_ms=685326 pulses=50 duration_ms=979 pulse_min_us=849 pulse_max_us=2001
2026-08-20T00:25:57.7906483-04:00 WITNESS_HEARTBEAT ticks_ms=687792 state=IDLE
2026-08-20T00:26:02.8236454-04:00 WITNESS_HEARTBEAT ticks_ms=692817 state=IDLE
2026-08-20T00:26:03.8613476-04:00 WITNESS_BURST_START ticks_ms=693896
2026-08-20T00:26:05.0223884-04:00 WITNESS_BURST_END ticks_ms=695025 pulses=50 duration_ms=979 pulse_min_us=885 pulse_max_us=2001
2026-08-20T00:26:07.8297864-04:00 WITNESS_HEARTBEAT ticks_ms=697822 state=IDLE
2026-08-20T00:26:12.8399665-04:00 WITNESS_HEARTBEAT ticks_ms=702843 state=IDLE
2026-08-20T00:26:13.6399641-04:00 WITNESS_BURST_START ticks_ms=703674
2026-08-20T00:26:14.8014815-04:00 WITNESS_BURST_END ticks_ms=704803 pulses=50 duration_ms=979 pulse_min_us=858 pulse_max_us=2001
2026-08-20T00:26:17.8666556-04:00 WITNESS_HEARTBEAT ticks_ms=707870 state=IDLE
2026-08-20T00:26:22.8890312-04:00 WITNESS_HEARTBEAT ticks_ms=712891 state=IDLE
2026-08-20T00:26:23.1636258-04:00 WITNESS_BURST_START ticks_ms=713199
2026-08-20T00:26:24.3336601-04:00 WITNESS_BURST_END ticks_ms=714328 pulses=50 duration_ms=979 pulse_min_us=854 pulse_max_us=2001
2026-08-20T00:26:27.9046158-04:00 WITNESS_HEARTBEAT ticks_ms=717906 state=IDLE
2026-08-20T00:26:32.5059046-04:00 WITNESS_BURST_START ticks_ms=722540
2026-08-20T00:26:32.8948255-04:00 WITNESS_HEARTBEAT ticks_ms=722920 state=ACTIVE
2026-08-20T00:26:33.6738707-04:00 WITNESS_BURST_END ticks_ms=723669 pulses=50 duration_ms=979 pulse_min_us=753 pulse_max_us=2001
2026-08-20T00:26:37.9384400-04:00 WITNESS_HEARTBEAT ticks_ms=727938 state=IDLE
2026-08-20T00:26:42.3198477-04:00 WITNESS_BURST_START ticks_ms=732345
2026-08-20T00:26:42.9285645-04:00 WITNESS_HEARTBEAT ticks_ms=732945 state=ACTIVE
2026-08-20T00:26:43.4818076-04:00 WITNESS_BURST_END ticks_ms=733474 pulses=50 duration_ms=979 pulse_min_us=845 pulse_max_us=2001
2026-08-20T00:26:47.9557381-04:00 WITNESS_HEARTBEAT ticks_ms=737954 state=IDLE
