2026-08-21T21:24:38.7006822-04:00 FLEET015_WITNESS_READY pin=GPIO5
2026-08-21T21:24:38.7006822-04:00 mode=servo_pwm_observer expected_hz=50
2026-08-21T21:24:43.7502595-04:00 WITNESS_HEARTBEAT ticks_ms=110770 state=IDLE
2026-08-21T21:24:48.7771238-04:00 WITNESS_HEARTBEAT ticks_ms=115790 state=IDLE
2026-08-21T21:24:53.7985618-04:00 WITNESS_HEARTBEAT ticks_ms=120811 state=IDLE
2026-08-21T21:24:58.8089869-04:00 WITNESS_HEARTBEAT ticks_ms=125830 state=IDLE
2026-08-21T21:25:03.8343393-04:00 WITNESS_HEARTBEAT ticks_ms=130849 state=IDLE
2026-08-21T21:25:08.8492646-04:00 WITNESS_HEARTBEAT ticks_ms=135868 state=IDLE
2026-08-21T21:25:13.8743326-04:00 WITNESS_HEARTBEAT ticks_ms=140887 state=IDLE
2026-08-21T21:25:18.8917747-04:00 WITNESS_HEARTBEAT ticks_ms=145906 state=IDLE
2026-08-21T21:25:23.9060740-04:00 WITNESS_HEARTBEAT ticks_ms=150927 state=IDLE
2026-08-21T21:25:28.9275066-04:00 WITNESS_HEARTBEAT ticks_ms=155946 state=IDLE
2026-08-21T21:25:33.9495280-04:00 WITNESS_HEARTBEAT ticks_ms=160965 state=IDLE
2026-08-21T21:25:38.9660813-04:00 WITNESS_HEARTBEAT ticks_ms=165984 state=IDLE
2026-08-21T21:25:43.9840165-04:00 WITNESS_HEARTBEAT ticks_ms=171003 state=IDLE
2026-08-21T21:25:49.0059844-04:00 WITNESS_HEARTBEAT ticks_ms=176022 state=IDLE
2026-08-21T21:25:54.0236987-04:00 WITNESS_HEARTBEAT ticks_ms=181043 state=IDLE
2026-08-21T21:25:59.0489322-04:00 WITNESS_HEARTBEAT ticks_ms=186062 state=IDLE
2026-08-21T21:26:04.0667892-04:00 WITNESS_HEARTBEAT ticks_ms=191081 state=IDLE
2026-08-21T21:26:09.0825470-04:00 WITNESS_HEARTBEAT ticks_ms=196100 state=IDLE
2026-08-21T21:26:14.0995138-04:00 WITNESS_HEARTBEAT ticks_ms=201119 state=IDLE
2026-08-21T21:26:19.1179404-04:00 WITNESS_HEARTBEAT ticks_ms=206139 state=IDLE
2026-08-21T21:26:24.1380265-04:00 WITNESS_HEARTBEAT ticks_ms=211159 state=IDLE
2026-08-21T21:26:29.1589571-04:00 WITNESS_HEARTBEAT ticks_ms=216180 state=IDLE
2026-08-21T21:26:34.1861412-04:00 WITNESS_HEARTBEAT ticks_ms=221198 state=IDLE
2026-08-21T21:26:39.1987371-04:00 WITNESS_HEARTBEAT ticks_ms=226218 state=IDLE
2026-08-21T21:26:44.2234203-04:00 WITNESS_HEARTBEAT ticks_ms=231241 state=IDLE
2026-08-21T21:26:48.0101278-04:00 WITNESS_BURST_START ticks_ms=235058
2026-08-21T21:26:49.1788853-04:00 WITNESS_BURST_END ticks_ms=236187 pulses=50 duration_ms=979 pulse_min_us=802 pulse_max_us=2001
2026-08-21T21:26:49.2330259-04:00 WITNESS_HEARTBEAT ticks_ms=236249 state=IDLE
2026-08-21T21:26:54.2522431-04:00 WITNESS_HEARTBEAT ticks_ms=241268 state=IDLE
2026-08-21T21:26:59.2762838-04:00 WITNESS_HEARTBEAT ticks_ms=246289 state=IDLE
2026-08-21T21:27:04.2864124-04:00 WITNESS_HEARTBEAT ticks_ms=251308 state=IDLE
2026-08-21T21:27:09.3142740-04:00 WITNESS_HEARTBEAT ticks_ms=256327 state=IDLE
2026-08-21T21:27:14.3293907-04:00 WITNESS_HEARTBEAT ticks_ms=261346 state=IDLE
2026-08-21T21:27:19.3441867-04:00 WITNESS_HEARTBEAT ticks_ms=266366 state=IDLE
2026-08-21T21:27:24.3639118-04:00 WITNESS_HEARTBEAT ticks_ms=271385 state=IDLE
2026-08-21T21:27:29.3870453-04:00 WITNESS_HEARTBEAT ticks_ms=276406 state=IDLE
2026-08-21T21:27:34.4060777-04:00 WITNESS_HEARTBEAT ticks_ms=281425 state=IDLE
2026-08-21T21:27:39.4270718-04:00 WITNESS_HEARTBEAT ticks_ms=286443 state=IDLE
2026-08-21T21:27:44.4428765-04:00 WITNESS_HEARTBEAT ticks_ms=291462 state=IDLE
2026-08-21T21:27:49.4593308-04:00 WITNESS_HEARTBEAT ticks_ms=296481 state=IDLE
2026-08-21T21:27:54.4857369-04:00 WITNESS_HEARTBEAT ticks_ms=301500 state=IDLE
2026-08-21T21:27:59.5017764-04:00 WITNESS_HEARTBEAT ticks_ms=306520 state=IDLE
2026-08-21T21:28:04.5216275-04:00 WITNESS_HEARTBEAT ticks_ms=311540 state=IDLE
2026-08-21T21:28:09.5406149-04:00 WITNESS_HEARTBEAT ticks_ms=316559 state=IDLE
2026-08-21T21:28:14.5642484-04:00 WITNESS_HEARTBEAT ticks_ms=321578 state=IDLE
2026-08-21T21:28:19.5807177-04:00 WITNESS_HEARTBEAT ticks_ms=326598 state=IDLE
2026-08-21T21:28:24.6023940-04:00 WITNESS_HEARTBEAT ticks_ms=331617 state=IDLE
2026-08-21T21:28:29.6218781-04:00 WITNESS_HEARTBEAT ticks_ms=336637 state=IDLE
2026-08-21T21:28:34.6405753-04:00 WITNESS_HEARTBEAT ticks_ms=341657 state=IDLE
2026-08-21T21:28:39.6616229-04:00 WITNESS_HEARTBEAT ticks_ms=346676 state=IDLE
2026-08-21T21:28:44.6707216-04:00 WITNESS_HEARTBEAT ticks_ms=351695 state=IDLE
2026-08-21T21:28:49.6974720-04:00 WITNESS_HEARTBEAT ticks_ms=356714 state=IDLE
2026-08-21T21:28:54.7129685-04:00 WITNESS_HEARTBEAT ticks_ms=361733 state=IDLE
2026-08-21T21:28:59.7290997-04:00 WITNESS_HEARTBEAT ticks_ms=366752 state=IDLE
2026-08-21T21:29:04.7595221-04:00 WITNESS_HEARTBEAT ticks_ms=371773 state=IDLE
2026-08-21T21:29:09.7734153-04:00 WITNESS_HEARTBEAT ticks_ms=376792 state=IDLE
2026-08-21T21:29:14.7940582-04:00 WITNESS_HEARTBEAT ticks_ms=381811 state=IDLE
2026-08-21T21:29:19.8073807-04:00 WITNESS_HEARTBEAT ticks_ms=386830 state=IDLE
2026-08-21T21:29:24.8309406-04:00 WITNESS_HEARTBEAT ticks_ms=391849 state=IDLE
2026-08-21T21:29:29.8508769-04:00 WITNESS_HEARTBEAT ticks_ms=396869 state=IDLE
2026-08-21T21:29:34.8683745-04:00 WITNESS_HEARTBEAT ticks_ms=401888 state=IDLE
2026-08-21T21:29:39.8907194-04:00 WITNESS_HEARTBEAT ticks_ms=406909 state=IDLE
2026-08-21T21:29:44.9052195-04:00 WITNESS_HEARTBEAT ticks_ms=411929 state=IDLE
2026-08-21T21:29:49.9295211-04:00 WITNESS_HEARTBEAT ticks_ms=416947 state=IDLE
2026-08-21T21:29:54.9488205-04:00 WITNESS_HEARTBEAT ticks_ms=421966 state=IDLE
2026-08-21T21:29:59.9625117-04:00 WITNESS_HEARTBEAT ticks_ms=426985 state=IDLE
2026-08-21T21:30:04.9852082-04:00 WITNESS_HEARTBEAT ticks_ms=432004 state=IDLE
2026-08-21T21:30:10.0095823-04:00 WITNESS_HEARTBEAT ticks_ms=437025 state=IDLE
2026-08-21T21:30:15.0238527-04:00 WITNESS_HEARTBEAT ticks_ms=442044 state=IDLE
2026-08-21T21:30:20.0428225-04:00 WITNESS_HEARTBEAT ticks_ms=447064 state=IDLE
2026-08-21T21:30:25.0636402-04:00 WITNESS_HEARTBEAT ticks_ms=452083 state=IDLE
2026-08-21T21:30:30.0810432-04:00 WITNESS_HEARTBEAT ticks_ms=457103 state=IDLE
2026-08-21T21:30:35.1040538-04:00 WITNESS_HEARTBEAT ticks_ms=462122 state=IDLE
2026-08-21T21:30:40.1270418-04:00 WITNESS_HEARTBEAT ticks_ms=467144 state=IDLE
2026-08-21T21:30:45.1407741-04:00 WITNESS_HEARTBEAT ticks_ms=472163 state=IDLE
2026-08-21T21:30:50.1572759-04:00 WITNESS_HEARTBEAT ticks_ms=477182 state=IDLE
2026-08-21T21:30:55.1836847-04:00 WITNESS_HEARTBEAT ticks_ms=482202 state=IDLE
2026-08-21T21:31:00.1965960-04:00 WITNESS_HEARTBEAT ticks_ms=487220 state=IDLE
2026-08-21T21:31:05.2163288-04:00 WITNESS_HEARTBEAT ticks_ms=492239 state=IDLE
2026-08-21T21:31:10.2421272-04:00 WITNESS_HEARTBEAT ticks_ms=497258 state=IDLE
2026-08-21T21:31:15.2558498-04:00 WITNESS_HEARTBEAT ticks_ms=502279 state=IDLE
2026-08-21T21:31:20.2758701-04:00 WITNESS_HEARTBEAT ticks_ms=507298 state=IDLE
2026-08-21T21:31:25.2981939-04:00 WITNESS_HEARTBEAT ticks_ms=512317 state=IDLE
2026-08-21T21:31:30.3202992-04:00 WITNESS_HEARTBEAT ticks_ms=517336 state=IDLE
2026-08-21T21:31:35.3380899-04:00 WITNESS_HEARTBEAT ticks_ms=522356 state=IDLE
2026-08-21T21:31:40.3560319-04:00 WITNESS_HEARTBEAT ticks_ms=527374 state=IDLE
2026-08-21T21:31:45.3788921-04:00 WITNESS_HEARTBEAT ticks_ms=532396 state=IDLE
2026-08-21T21:31:50.3908527-04:00 WITNESS_HEARTBEAT ticks_ms=537414 state=IDLE
2026-08-21T21:31:55.4188996-04:00 WITNESS_HEARTBEAT ticks_ms=542433 state=IDLE
2026-08-21T21:32:00.4313775-04:00 WITNESS_HEARTBEAT ticks_ms=547452 state=IDLE
2026-08-21T21:32:05.4470701-04:00 WITNESS_HEARTBEAT ticks_ms=552471 state=IDLE
2026-08-21T21:32:10.4691547-04:00 WITNESS_HEARTBEAT ticks_ms=557490 state=IDLE
2026-08-21T21:32:15.4921672-04:00 WITNESS_HEARTBEAT ticks_ms=562511 state=IDLE
2026-08-21T21:32:20.5134275-04:00 WITNESS_HEARTBEAT ticks_ms=567530 state=IDLE
2026-08-21T21:32:25.5326692-04:00 WITNESS_HEARTBEAT ticks_ms=572550 state=IDLE
2026-08-21T21:32:30.5512578-04:00 WITNESS_HEARTBEAT ticks_ms=577570 state=IDLE
2026-08-21T21:32:35.5670830-04:00 WITNESS_HEARTBEAT ticks_ms=582589 state=IDLE
2026-08-21T21:32:40.5839318-04:00 WITNESS_HEARTBEAT ticks_ms=587608 state=IDLE
2026-08-21T21:32:45.6081826-04:00 WITNESS_HEARTBEAT ticks_ms=592628 state=IDLE
2026-08-21T21:32:50.6261310-04:00 WITNESS_HEARTBEAT ticks_ms=597649 state=IDLE
2026-08-21T21:32:55.6496977-04:00 WITNESS_HEARTBEAT ticks_ms=602668 state=IDLE
2026-08-21T21:33:00.6645862-04:00 WITNESS_HEARTBEAT ticks_ms=607687 state=IDLE
2026-08-21T21:33:05.6886767-04:00 WITNESS_HEARTBEAT ticks_ms=612707 state=IDLE
2026-08-21T21:33:10.7084977-04:00 WITNESS_HEARTBEAT ticks_ms=617726 state=IDLE
2026-08-21T21:33:15.7290901-04:00 WITNESS_HEARTBEAT ticks_ms=622745 state=IDLE
2026-08-21T21:33:20.7446815-04:00 WITNESS_HEARTBEAT ticks_ms=627766 state=IDLE
