2026-08-20T01:11:57.6465253-04:00 FLEET015_WITNESS_READY pin=GPIO5
2026-08-20T01:11:57.6465253-04:00 mode=servo_pwm_observer expected_hz=50
2026-08-20T01:12:02.4922669-04:00 WITNESS_BURST_START ticks_ms=3452541
2026-08-20T01:12:02.6377064-04:00 WITNESS_HEARTBEAT ticks_ms=3452681 state=ACTIVE
2026-08-20T01:12:03.6613357-04:00 WITNESS_BURST_END ticks_ms=3453670 pulses=50 duration_ms=979 pulse_min_us=842 pulse_max_us=2001
2026-08-20T01:12:07.6847433-04:00 WITNESS_HEARTBEAT ticks_ms=3457699 state=IDLE
2026-08-20T01:12:12.1784400-04:00 WITNESS_BURST_START ticks_ms=3462225
2026-08-20T01:12:12.6633737-04:00 WITNESS_HEARTBEAT ticks_ms=3462705 state=ACTIVE
2026-08-20T01:12:13.3375257-04:00 WITNESS_BURST_END ticks_ms=3463354 pulses=50 duration_ms=979 pulse_min_us=846 pulse_max_us=2001
2026-08-20T01:12:17.6992085-04:00 WITNESS_HEARTBEAT ticks_ms=3467713 state=IDLE
2026-08-20T01:12:22.7193246-04:00 WITNESS_HEARTBEAT ticks_ms=3472734 state=IDLE
2026-08-20T01:12:27.7423780-04:00 WITNESS_HEARTBEAT ticks_ms=3477754 state=IDLE
2026-08-20T01:12:32.7593691-04:00 WITNESS_HEARTBEAT ticks_ms=3482776 state=IDLE
2026-08-20T01:12:37.7808447-04:00 WITNESS_HEARTBEAT ticks_ms=3487797 state=IDLE
2026-08-20T01:12:42.8026213-04:00 WITNESS_HEARTBEAT ticks_ms=3492817 state=IDLE
2026-08-20T01:12:47.8198970-04:00 WITNESS_HEARTBEAT ticks_ms=3497838 state=IDLE
2026-08-20T01:12:52.8491676-04:00 WITNESS_HEARTBEAT ticks_ms=3502858 state=IDLE
2026-08-20T01:12:57.8640355-04:00 WITNESS_HEARTBEAT ticks_ms=3507879 state=IDLE
2026-08-20T01:13:02.8919042-04:00 WITNESS_HEARTBEAT ticks_ms=3512902 state=IDLE
2026-08-20T01:13:07.9074904-04:00 WITNESS_HEARTBEAT ticks_ms=3517924 state=IDLE
2026-08-20T01:13:12.9256581-04:00 WITNESS_HEARTBEAT ticks_ms=3522945 state=IDLE
2026-08-20T01:13:17.9525696-04:00 WITNESS_HEARTBEAT ticks_ms=3527966 state=IDLE
2026-08-20T01:13:22.9714123-04:00 WITNESS_HEARTBEAT ticks_ms=3532986 state=IDLE
2026-08-20T01:13:27.9919381-04:00 WITNESS_HEARTBEAT ticks_ms=3538007 state=IDLE
2026-08-20T01:13:33.0139942-04:00 WITNESS_HEARTBEAT ticks_ms=3543027 state=IDLE
2026-08-20T01:13:38.0369082-04:00 WITNESS_HEARTBEAT ticks_ms=3548050 state=IDLE
2026-08-20T01:13:43.0608382-04:00 WITNESS_HEARTBEAT ticks_ms=3553071 state=IDLE
2026-08-20T01:13:48.0787426-04:00 WITNESS_HEARTBEAT ticks_ms=3558091 state=IDLE
2026-08-20T01:13:53.0925575-04:00 WITNESS_HEARTBEAT ticks_ms=3563111 state=IDLE
2026-08-20T01:13:55.5253794-04:00 WITNESS_BURST_START ticks_ms=3565571
2026-08-20T01:13:56.6902880-04:00 WITNESS_BURST_END ticks_ms=3566700 pulses=50 duration_ms=979 pulse_min_us=1083 pulse_max_us=2001
2026-08-20T01:13:58.1015676-04:00 WITNESS_HEARTBEAT ticks_ms=3568115 state=IDLE
2026-08-20T01:14:03.1251039-04:00 WITNESS_HEARTBEAT ticks_ms=3573136 state=IDLE
2026-08-20T01:14:05.0786790-04:00 WITNESS_BURST_START ticks_ms=3575121
2026-08-20T01:14:06.2399694-04:00 WITNESS_BURST_END ticks_ms=3576250 pulses=50 duration_ms=978 pulse_min_us=841 pulse_max_us=2001
2026-08-20T01:14:08.1361638-04:00 WITNESS_HEARTBEAT ticks_ms=3578146 state=IDLE
2026-08-20T01:14:13.1573372-04:00 WITNESS_HEARTBEAT ticks_ms=3583167 state=IDLE
2026-08-20T01:14:14.2862696-04:00 WITNESS_BURST_START ticks_ms=3584331
2026-08-20T01:14:15.4539637-04:00 WITNESS_BURST_END ticks_ms=3585460 pulses=50 duration_ms=979 pulse_min_us=857 pulse_max_us=2001
2026-08-20T01:14:18.1540389-04:00 WITNESS_HEARTBEAT ticks_ms=3588167 state=IDLE
2026-08-20T01:14:23.1711803-04:00 WITNESS_HEARTBEAT ticks_ms=3593187 state=IDLE
2026-08-20T01:14:24.0802161-04:00 WITNESS_BURST_START ticks_ms=3594130
2026-08-20T01:14:25.2441773-04:00 WITNESS_BURST_END ticks_ms=3595259 pulses=50 duration_ms=979 pulse_min_us=846 pulse_max_us=2001
2026-08-20T01:14:28.1871993-04:00 WITNESS_HEARTBEAT ticks_ms=3598206 state=IDLE
2026-08-20T01:14:33.2145680-04:00 WITNESS_HEARTBEAT ticks_ms=3603227 state=IDLE
2026-08-20T01:14:33.8618936-04:00 WITNESS_BURST_START ticks_ms=3603910
2026-08-20T01:14:35.0194235-04:00 WITNESS_BURST_END ticks_ms=3605040 pulses=50 duration_ms=979 pulse_min_us=1003 pulse_max_us=2001
2026-08-20T01:14:38.2116694-04:00 WITNESS_HEARTBEAT ticks_ms=3608229 state=IDLE
2026-08-20T01:14:43.2320554-04:00 WITNESS_HEARTBEAT ticks_ms=3613250 state=IDLE
2026-08-20T01:14:43.3578770-04:00 WITNESS_BURST_START ticks_ms=3613409
2026-08-20T01:14:44.5249356-04:00 WITNESS_BURST_END ticks_ms=3614538 pulses=50 duration_ms=978 pulse_min_us=844 pulse_max_us=2001
2026-08-20T01:14:48.2490488-04:00 WITNESS_HEARTBEAT ticks_ms=3618266 state=IDLE
2026-08-20T01:14:52.9725671-04:00 WITNESS_BURST_START ticks_ms=3623014
2026-08-20T01:14:53.2440397-04:00 WITNESS_HEARTBEAT ticks_ms=3623275 state=ACTIVE
2026-08-20T01:14:54.1289246-04:00 WITNESS_BURST_END ticks_ms=3624144 pulses=50 duration_ms=979 pulse_min_us=854 pulse_max_us=2001
2026-08-20T01:14:58.2738203-04:00 WITNESS_HEARTBEAT ticks_ms=3628293 state=IDLE
2026-08-20T01:15:02.5345062-04:00 WITNESS_BURST_START ticks_ms=3632576
2026-08-20T01:15:03.2499893-04:00 WITNESS_HEARTBEAT ticks_ms=3633296 state=ACTIVE
2026-08-20T01:15:03.6914901-04:00 WITNESS_BURST_END ticks_ms=3633705 pulses=50 duration_ms=979 pulse_min_us=854 pulse_max_us=2001
2026-08-20T01:15:08.2938727-04:00 WITNESS_HEARTBEAT ticks_ms=3638305 state=IDLE
2026-08-20T01:15:11.8416269-04:00 WITNESS_BURST_START ticks_ms=3641892
2026-08-20T01:15:13.0050374-04:00 WITNESS_BURST_END ticks_ms=3643021 pulses=50 duration_ms=979 pulse_min_us=752 pulse_max_us=2001
2026-08-20T01:15:13.3094542-04:00 WITNESS_HEARTBEAT ticks_ms=3643325 state=IDLE
2026-08-20T01:15:18.3271256-04:00 WITNESS_HEARTBEAT ticks_ms=3648346 state=IDLE
2026-08-20T01:15:21.3634582-04:00 WITNESS_BURST_START ticks_ms=3651408
2026-08-20T01:15:22.5249842-04:00 WITNESS_BURST_END ticks_ms=3652537 pulses=50 duration_ms=979 pulse_min_us=845 pulse_max_us=2001
2026-08-20T01:15:23.3315818-04:00 WITNESS_HEARTBEAT ticks_ms=3653352 state=IDLE
2026-08-20T01:15:28.3616906-04:00 WITNESS_HEARTBEAT ticks_ms=3658372 state=IDLE
2026-08-20T01:15:30.8503027-04:00 WITNESS_BURST_START ticks_ms=3660890
2026-08-20T01:15:32.0107134-04:00 WITNESS_BURST_END ticks_ms=3662019 pulses=50 duration_ms=979 pulse_min_us=849 pulse_max_us=2001
2026-08-20T01:15:33.3631017-04:00 WITNESS_HEARTBEAT ticks_ms=3663374 state=IDLE
2026-08-20T01:15:38.3836963-04:00 WITNESS_HEARTBEAT ticks_ms=3668395 state=IDLE
2026-08-20T01:15:40.4595975-04:00 WITNESS_BURST_START ticks_ms=3670507
2026-08-20T01:15:41.6277154-04:00 WITNESS_BURST_END ticks_ms=3671637 pulses=50 duration_ms=979 pulse_min_us=850 pulse_max_us=2001
2026-08-20T01:15:43.3950354-04:00 WITNESS_HEARTBEAT ticks_ms=3673413 state=IDLE
2026-08-20T01:15:48.4172611-04:00 WITNESS_HEARTBEAT ticks_ms=3678433 state=IDLE
2026-08-20T01:15:49.7727900-04:00 WITNESS_BURST_START ticks_ms=3679817
2026-08-20T01:15:50.9352070-04:00 WITNESS_BURST_END ticks_ms=3680947 pulses=50 duration_ms=980 pulse_min_us=1553 pulse_max_us=2001
2026-08-20T01:15:53.4261701-04:00 WITNESS_HEARTBEAT ticks_ms=3683444 state=IDLE
2026-08-20T01:15:58.4487158-04:00 WITNESS_HEARTBEAT ticks_ms=3688464 state=IDLE
2026-08-20T01:15:58.9340841-04:00 WITNESS_BURST_START ticks_ms=3688984
2026-08-20T01:16:00.0978767-04:00 WITNESS_BURST_END ticks_ms=3690114 pulses=50 duration_ms=980 pulse_min_us=1566 pulse_max_us=2001
2026-08-20T01:16:03.4667025-04:00 WITNESS_HEARTBEAT ticks_ms=3693482 state=IDLE
2026-08-20T01:16:08.4342682-04:00 WITNESS_BURST_START ticks_ms=3698476
2026-08-20T01:16:08.4456610-04:00 WITNESS_HEARTBEAT ticks_ms=3698496 state=ACTIVE
2026-08-20T01:16:09.5886385-04:00 WITNESS_BURST_END ticks_ms=3699606 pulses=50 duration_ms=979 pulse_min_us=845 pulse_max_us=2001
2026-08-20T01:16:13.5040734-04:00 WITNESS_HEARTBEAT ticks_ms=3703516 state=IDLE
2026-08-20T01:16:18.2673104-04:00 WITNESS_BURST_START ticks_ms=3708311
2026-08-20T01:16:18.4881233-04:00 WITNESS_HEARTBEAT ticks_ms=3708531 state=ACTIVE
2026-08-20T01:16:19.4227628-04:00 WITNESS_BURST_END ticks_ms=3709440 pulses=50 duration_ms=979 pulse_min_us=857 pulse_max_us=2001
2026-08-20T01:16:23.5414829-04:00 WITNESS_HEARTBEAT ticks_ms=3713559 state=IDLE
