2026-08-20T00:20:42.3488607-04:00 FLEET015_WITNESS_READY pin=GPIO5
2026-08-20T00:20:42.3488607-04:00 mode=servo_pwm_observer expected_hz=50
2026-08-20T00:20:47.3725137-04:00 WITNESS_HEARTBEAT ticks_ms=377368 state=IDLE
2026-08-20T00:20:50.0356267-04:00 WITNESS_BURST_START ticks_ms=380063
2026-08-20T00:20:51.1943870-04:00 WITNESS_BURST_END ticks_ms=381192 pulses=50 duration_ms=979 pulse_min_us=849 pulse_max_us=2001
2026-08-20T00:20:52.4050583-04:00 WITNESS_HEARTBEAT ticks_ms=382397 state=IDLE
2026-08-20T00:20:57.4238412-04:00 WITNESS_HEARTBEAT ticks_ms=387417 state=IDLE
2026-08-20T00:20:59.4174890-04:00 WITNESS_BURST_START ticks_ms=389445
2026-08-20T00:21:00.5797213-04:00 WITNESS_BURST_END ticks_ms=390574 pulses=50 duration_ms=979 pulse_min_us=842 pulse_max_us=2001
2026-08-20T00:21:02.4397116-04:00 WITNESS_HEARTBEAT ticks_ms=392440 state=IDLE
2026-08-20T00:21:07.4614473-04:00 WITNESS_HEARTBEAT ticks_ms=397461 state=IDLE
2026-08-20T00:21:08.8232520-04:00 WITNESS_BURST_START ticks_ms=398850
2026-08-20T00:21:09.9847879-04:00 WITNESS_BURST_END ticks_ms=399980 pulses=50 duration_ms=980 pulse_min_us=1561 pulse_max_us=2001
2026-08-20T00:21:12.4816397-04:00 WITNESS_HEARTBEAT ticks_ms=402478 state=IDLE
2026-08-20T00:21:17.4994994-04:00 WITNESS_HEARTBEAT ticks_ms=407502 state=IDLE
2026-08-20T00:21:18.1892559-04:00 WITNESS_BURST_START ticks_ms=408216
2026-08-20T00:21:19.3535948-04:00 WITNESS_BURST_END ticks_ms=409346 pulses=50 duration_ms=979 pulse_min_us=855 pulse_max_us=2001
2026-08-20T00:21:22.5103291-04:00 WITNESS_HEARTBEAT ticks_ms=412504 state=IDLE
2026-08-20T00:21:27.5275983-04:00 WITNESS_HEARTBEAT ticks_ms=417524 state=IDLE
2026-08-20T00:21:27.7455730-04:00 WITNESS_BURST_START ticks_ms=417776
2026-08-20T00:21:28.9146178-04:00 WITNESS_BURST_END ticks_ms=418905 pulses=50 duration_ms=979 pulse_min_us=847 pulse_max_us=2001
2026-08-20T00:21:32.5401394-04:00 WITNESS_HEARTBEAT ticks_ms=422545 state=IDLE
2026-08-20T00:21:37.2178850-04:00 WITNESS_BURST_START ticks_ms=427245
2026-08-20T00:21:37.5157112-04:00 WITNESS_HEARTBEAT ticks_ms=427545 state=ACTIVE
2026-08-20T00:21:38.3783630-04:00 WITNESS_BURST_END ticks_ms=428375 pulses=50 duration_ms=979 pulse_min_us=1535 pulse_max_us=2001
2026-08-20T00:21:42.5605867-04:00 WITNESS_HEARTBEAT ticks_ms=432554 state=IDLE
2026-08-20T00:21:46.5772056-04:00 WITNESS_BURST_START ticks_ms=436608
2026-08-20T00:21:47.5393495-04:00 WITNESS_HEARTBEAT ticks_ms=437568 state=ACTIVE
2026-08-20T00:21:47.7416185-04:00 WITNESS_BURST_END ticks_ms=437737 pulses=50 duration_ms=979 pulse_min_us=856 pulse_max_us=2001
2026-08-20T00:21:52.5766662-04:00 WITNESS_HEARTBEAT ticks_ms=442578 state=IDLE
2026-08-20T00:21:55.7929585-04:00 WITNESS_BURST_START ticks_ms=445824
2026-08-20T00:21:56.9577388-04:00 WITNESS_BURST_END ticks_ms=446953 pulses=50 duration_ms=979 pulse_min_us=845 pulse_max_us=2001
2026-08-20T00:21:57.5891892-04:00 WITNESS_HEARTBEAT ticks_ms=447587 state=IDLE
2026-08-20T00:22:02.6085376-04:00 WITNESS_HEARTBEAT ticks_ms=452607 state=IDLE
2026-08-20T00:22:05.3974334-04:00 WITNESS_BURST_START ticks_ms=455423
2026-08-20T00:22:06.5606308-04:00 WITNESS_BURST_END ticks_ms=456552 pulses=50 duration_ms=979 pulse_min_us=886 pulse_max_us=2001
2026-08-20T00:22:07.6150166-04:00 WITNESS_HEARTBEAT ticks_ms=457607 state=IDLE
2026-08-20T00:22:12.6327544-04:00 WITNESS_HEARTBEAT ticks_ms=462627 state=IDLE
2026-08-20T00:22:14.9460296-04:00 WITNESS_BURST_START ticks_ms=464975
2026-08-20T00:22:16.1069765-04:00 WITNESS_BURST_END ticks_ms=466104 pulses=50 duration_ms=978 pulse_min_us=860 pulse_max_us=2001
2026-08-20T00:22:17.6398661-04:00 WITNESS_HEARTBEAT ticks_ms=467641 state=IDLE
