RESULT run_id=esp32-field-01-265927-313 device_id=esp32-field-01 decision=accepted reason=provider_admissible elapsed_ms=39
RESULT run_id=esp32-xiao-servo-01-10555869-1112 device_id=esp32-xiao-servo-01 decision=accepted reason=provider_admissible elapsed_ms=34
RESULT run_id=esp32-xiao-servo-02-10562528-846 device_id=esp32-xiao-servo-02 decision=accepted reason=provider_admissible elapsed_ms=32
RESULT run_id=esp32-field-01-266724-314 device_id=esp32-field-01 decision=accepted reason=provider_admissible elapsed_ms=33
RESULT run_id=esp32-field-01-267427-315 device_id=esp32-field-01 decision=accepted reason=provider_admissible elapsed_ms=35
RESULT run_id=esp32-field-01-267994-316 device_id=esp32-field-01 decision=accepted reason=provider_admissible elapsed_ms=40
RESULT run_id=esp32-field-01-268526-317 device_id=esp32-field-01 decision=accepted reason=provider_admissible elapsed_ms=43
RESULT run_id=esp32-s3-02-10463856-2916 device_id=esp32-s3-02 decision=accepted reason=provider_admissible elapsed_ms=38
RESULT run_id=esp32-s3-03-10488612-1875 device_id=esp32-s3-03 decision=accepted reason=provider_admissible elapsed_ms=38
RESULT run_id=esp32-field-01-269127-318 device_id=esp32-field-01 decision=accepted reason=provider_admissible elapsed_ms=33
RESULT run_id=esp32-field-01-270129-319 device_id=esp32-field-01 decision=accepted reason=provider_admissible elapsed_ms=32
RESULT run_id=esp32-field-01-270842-320 device_id=esp32-field-01 decision=accepted reason=provider_admissible elapsed_ms=95
RESULT run_id=esp32-field-01-271546-321 device_id=esp32-field-01 decision=accepted reason=provider_admissible elapsed_ms=42
RESULT run_id=esp32-field-01-272245-322 device_id=esp32-field-01 decision=accepted reason=provider_admissible elapsed_ms=37
RESULT run_id=esp32-s3-02-10467309-2917 device_id=esp32-s3-02 decision=accepted reason=provider_admissible elapsed_ms=35
RESULT run_id=esp32-field-01-273399-323 device_id=esp32-field-01 decision=accepted reason=provider_admissible elapsed_ms=38
RESULT run_id=esp32-field-01-274471-324 device_id=esp32-field-01 decision=accepted reason=provider_admissible elapsed_ms=32
RESULT run_id=esp32-s3-03-10494362-1876 device_id=esp32-s3-03 decision=accepted reason=provider_admissible elapsed_ms=397
RESULT run_id=esp32-xiao-servo-01-10565092-1113 device_id=esp32-xiao-servo-01 decision=accepted reason=provider_admissible elapsed_ms=34
RESULT run_id=esp32-s3-02-10470592-2918 device_id=esp32-s3-02 decision=accepted reason=provider_admissible elapsed_ms=36
RESULT run_id=esp32-field-01-275923-325 device_id=esp32-field-01 decision=accepted reason=provider_admissible elapsed_ms=35
RESULT run_id=esp32-field-01-276586-326 device_id=esp32-field-01 decision=accepted reason=provider_admissible elapsed_ms=35
RESULT run_id=esp32-field-01-277173-327 device_id=esp32-field-01 decision=accepted reason=provider_admissible elapsed_ms=31
RESULT run_id=esp32-field-01-278303-328 device_id=esp32-field-01 decision=accepted reason=provider_admissible elapsed_ms=41
RESULT run_id=esp32-xiao-servo-02-10574897-847 device_id=esp32-xiao-servo-02 decision=accepted reason=provider_admissible elapsed_ms=35
RESULT run_id=esp32-s3-02-10473865-2919 device_id=esp32-s3-02 decision=accepted reason=provider_admissible elapsed_ms=38
RESULT run_id=esp32-field-01-279323-329 device_id=esp32-field-01 decision=accepted reason=provider_admissible elapsed_ms=38
RESULT run_id=esp32-field-01-280265-330 device_id=esp32-field-01 decision=accepted reason=provider_admissible elapsed_ms=32
RESULT run_id=esp32-field-01-280955-331 device_id=esp32-field-01 decision=accepted reason=provider_admissible elapsed_ms=40
RESULT run_id=esp32-s3-03-10500607-1877 device_id=esp32-s3-03 decision=accepted reason=provider_admissible elapsed_ms=34
RESULT run_id=esp32-field-01-281756-332 device_id=esp32-field-01 decision=accepted reason=provider_admissible elapsed_ms=37
RESULT run_id=esp32-s3-02-10477300-2920 device_id=esp32-s3-02 decision=accepted reason=provider_admissible elapsed_ms=42
RESULT run_id=esp32-field-01-282473-333 device_id=esp32-field-01 decision=accepted reason=provider_admissible elapsed_ms=39
RESULT run_id=esp32-field-01-283635-334 device_id=esp32-field-01 decision=accepted reason=provider_admissible elapsed_ms=38
RESULT run_id=esp32-field-01-284109-335 device_id=esp32-field-01 decision=accepted reason=provider_admissible elapsed_ms=38
RESULT run_id=esp32-xiao-servo-01-10574302-1114 device_id=esp32-xiao-servo-01 decision=accepted reason=provider_admissible elapsed_ms=33
RESULT run_id=esp32-field-01-285087-336 device_id=esp32-field-01 decision=accepted reason=provider_admissible elapsed_ms=33
RESULT run_id=esp32-field-01-286027-337 device_id=esp32-field-01 decision=accepted reason=provider_admissible elapsed_ms=34
RESULT run_id=esp32-s3-02-10481106-2921 device_id=esp32-s3-02 decision=accepted reason=provider_admissible elapsed_ms=40
RESULT run_id=esp32-s3-03-10506440-1878 device_id=esp32-s3-03 decision=accepted reason=provider_admissible elapsed_ms=35
RESULT run_id=esp32-field-01-287224-338 device_id=esp32-field-01 decision=accepted reason=provider_admissible elapsed_ms=36
RESULT run_id=esp32-field-01-288295-339 device_id=esp32-field-01 decision=accepted reason=provider_admissible elapsed_ms=32
RESULT run_id=esp32-field-01-289320-340 device_id=esp32-field-01 decision=accepted reason=provider_admissible elapsed_ms=38
RESULT run_id=esp32-field-01-289848-341 device_id=esp32-field-01 decision=accepted reason=provider_admissible elapsed_ms=39
RESULT run_id=esp32-s3-02-10484996-2922 device_id=esp32-s3-02 decision=accepted reason=provider_admissible elapsed_ms=38
RESULT run_id=esp32-field-01-290758-342 device_id=esp32-field-01 decision=accepted reason=provider_admissible elapsed_ms=36
RESULT run_id=esp32-xiao-servo-02-10587510-848 device_id=esp32-xiao-servo-02 decision=accepted reason=provider_admissible elapsed_ms=34
RESULT run_id=esp32-field-01-291383-343 device_id=esp32-field-01 decision=accepted reason=provider_admissible elapsed_ms=33
RESULT run_id=esp32-field-01-291909-344 device_id=esp32-field-01 decision=accepted reason=provider_admissible elapsed_ms=35
RESULT run_id=esp32-s3-03-10511959-1879 device_id=esp32-s3-03 decision=accepted reason=provider_admissible elapsed_ms=38
RESULT run_id=esp32-field-01-292855-345 device_id=esp32-field-01 decision=accepted reason=provider_admissible elapsed_ms=39
RESULT run_id=esp32-s3-02-10488518-2923 device_id=esp32-s3-02 decision=accepted reason=provider_admissible elapsed_ms=34
RESULT run_id=esp32-field-01-294050-346 device_id=esp32-field-01 decision=accepted reason=provider_admissible elapsed_ms=36
RESULT run_id=esp32-xiao-servo-01-10584001-1115 device_id=esp32-xiao-servo-01 decision=accepted reason=provider_admissible elapsed_ms=34
RESULT run_id=esp32-field-01-294935-347 device_id=esp32-field-01 decision=accepted reason=provider_admissible elapsed_ms=38
RESULT run_id=esp32-field-01-295715-348 device_id=esp32-field-01 decision=accepted reason=provider_admissible elapsed_ms=36
RESULT run_id=esp32-field-01-296329-349 device_id=esp32-field-01 decision=accepted reason=provider_admissible elapsed_ms=40
RESULT run_id=esp32-field-01-297391-350 device_id=esp32-field-01 decision=accepted reason=provider_admissible elapsed_ms=33
RESULT run_id=esp32-s3-02-10492440-2924 device_id=esp32-s3-02 decision=accepted reason=provider_admissible elapsed_ms=35
RESULT run_id=esp32-s3-03-10517640-1880 device_id=esp32-s3-03 decision=accepted reason=provider_admissible elapsed_ms=38
RESULT run_id=esp32-field-01-298273-351 device_id=esp32-field-01 decision=accepted reason=provider_admissible elapsed_ms=33
RESULT run_id=esp32-field-01-298917-352 device_id=esp32-field-01 decision=accepted reason=provider_admissible elapsed_ms=34
RESULT run_id=esp32-field-01-299542-353 device_id=esp32-field-01 decision=accepted reason=provider_admissible elapsed_ms=34
RESULT run_id=esp32-field-01-300036-354 device_id=esp32-field-01 decision=accepted reason=provider_admissible elapsed_ms=43
RESULT run_id=esp32-field-01-300922-355 device_id=esp32-field-01 decision=accepted reason=provider_admissible elapsed_ms=59
RESULT run_id=esp32-s3-02-10496006-2925 device_id=esp32-s3-02 decision=accepted reason=provider_admissible elapsed_ms=37
RESULT run_id=esp32-xiao-servo-02-10600112-849 device_id=esp32-xiao-servo-02 decision=accepted reason=provider_admissible elapsed_ms=32RESULT run_id=esp32-s3-03-10523488-1881 device_id=esp32-s3-03 decision=accepted reason=provider_admissible elapsed_ms=34
RESULT run_id=esp32-xiao-servo-01-10593841-1116 device_id=esp32-xiao-servo-01 decision=accepted reason=provider_admissible elapsed_ms=32RESULT run_id=esp32-field-01-305586-356 device_id=esp32-field-01 decision=accepted reason=provider_admissible elapsed_ms=33


RESULT run_id=esp32-field-01-307849-357 device_id=esp32-field-01 decision=accepted reason=provider_admissible elapsed_ms=62
RESULT run_id=esp32-s3-02-10503761-2926 device_id=esp32-s3-02 decision=accepted reason=provider_admissible elapsed_ms=34
RESULT run_id=esp32-field-01-308987-358 device_id=esp32-field-01 decision=accepted reason=provider_admissible elapsed_ms=37
RESULT run_id=esp32-field-01-310145-359 device_id=esp32-field-01 decision=accepted reason=provider_admissible elapsed_ms=31
RESULT run_id=esp32-field-01-310908-360 device_id=esp32-field-01 decision=accepted reason=provider_admissible elapsed_ms=67
RESULT run_id=esp32-field-01-311807-361 device_id=esp32-field-01 decision=accepted reason=provider_admissible elapsed_ms=88
RESULT run_id=esp32-s3-03-10531802-1882 device_id=esp32-s3-03 decision=accepted reason=provider_admissible elapsed_ms=34
RESULT run_id=esp32-s3-02-10507296-2927 device_id=esp32-s3-02 decision=accepted reason=provider_admissible elapsed_ms=34
RESULT run_id=esp32-field-01-312904-362 device_id=esp32-field-01 decision=accepted reason=provider_admissible elapsed_ms=33
RESULT run_id=esp32-field-01-313671-363 device_id=esp32-field-01 decision=accepted reason=provider_admissible elapsed_ms=39
RESULT run_id=esp32-field-01-314630-364 device_id=esp32-field-01 decision=accepted reason=provider_admissible elapsed_ms=41
RESULT run_id=esp32-field-01-315343-365 device_id=esp32-field-01 decision=accepted reason=provider_admissible elapsed_ms=47
RESULT run_id=esp32-s3-02-10510707-2928 device_id=esp32-s3-02 decision=accepted reason=provider_admissible elapsed_ms=35
RESULT run_id=esp32-field-01-315842-366 device_id=esp32-field-01 decision=accepted reason=provider_admissible elapsed_ms=37
RESULT run_id=esp32-xiao-servo-01-10605868-1117 device_id=esp32-xiao-servo-01 decision=accepted reason=provider_admissible elapsed_ms=34
RESULT run_id=esp32-field-01-316672-367 device_id=esp32-field-01 decision=accepted reason=provider_admissible elapsed_ms=33
RESULT run_id=esp32-field-01-317304-368 device_id=esp32-field-01 decision=accepted reason=provider_admissible elapsed_ms=31
RESULT run_id=esp32-s3-03-10537449-1883 device_id=esp32-s3-03 decision=accepted reason=provider_admissible elapsed_ms=40
RESULT run_id=esp32-field-01-318014-369 device_id=esp32-field-01 decision=accepted reason=provider_admissible elapsed_ms=34
RESULT run_id=esp32-field-01-318819-370 device_id=esp32-field-01 decision=accepted reason=provider_admissible elapsed_ms=42
RESULT run_id=esp32-xiao-servo-02-10615462-850 device_id=esp32-xiao-servo-02 decision=accepted reason=provider_admissible elapsed_ms=33
RESULT run_id=esp32-field-01-319444-371 device_id=esp32-field-01 decision=accepted reason=provider_admissible elapsed_ms=33
RESULT run_id=esp32-s3-02-10514665-2929 device_id=esp32-s3-02 decision=accepted reason=provider_admissible elapsed_ms=32
RESULT run_id=esp32-field-01-320526-372 device_id=esp32-field-01 decision=accepted reason=provider_admissible elapsed_ms=36
RESULT run_id=esp32-field-01-321089-373 device_id=esp32-field-01 decision=accepted reason=provider_admissible elapsed_ms=33
RESULT run_id=esp32-field-01-321826-374 device_id=esp32-field-01 decision=accepted reason=provider_admissible elapsed_ms=34
RESULT run_id=esp32-field-01-322950-375 device_id=esp32-field-01 decision=accepted reason=provider_admissible elapsed_ms=37
RESULT run_id=esp32-s3-03-10542705-1884 device_id=esp32-s3-03 decision=accepted reason=provider_admissible elapsed_ms=40
RESULT run_id=esp32-s3-02-10518469-2930 device_id=esp32-s3-02 decision=accepted reason=provider_admissible elapsed_ms=32
RESULT run_id=esp32-field-01-324072-376 device_id=esp32-field-01 decision=accepted reason=provider_admissible elapsed_ms=33
RESULT run_id=esp32-field-01-325194-377 device_id=esp32-field-01 decision=accepted reason=provider_admissible elapsed_ms=33
RESULT run_id=esp32-xiao-servo-01-10615331-1118 device_id=esp32-xiao-servo-01 decision=accepted reason=provider_admissible elapsed_ms=33
RESULT run_id=esp32-field-01-326084-378 device_id=esp32-field-01 decision=accepted reason=provider_admissible elapsed_ms=44
RESULT run_id=esp32-field-01-327043-379 device_id=esp32-field-01 decision=accepted reason=provider_admissible elapsed_ms=33
RESULT run_id=esp32-s3-02-10522168-2931 device_id=esp32-s3-02 decision=accepted reason=provider_admissible elapsed_ms=38
RESULT run_id=esp32-field-01-327862-380 device_id=esp32-field-01 decision=accepted reason=provider_admissible elapsed_ms=33
RESULT run_id=esp32-s3-03-10547937-1885 device_id=esp32-s3-03 decision=accepted reason=provider_admissible elapsed_ms=41
RESULT run_id=esp32-field-01-328690-381 device_id=esp32-field-01 decision=accepted reason=provider_admissible elapsed_ms=39
RESULT run_id=esp32-field-01-329683-382 device_id=esp32-field-01 decision=accepted reason=provider_admissible elapsed_ms=34
RESULT run_id=esp32-field-01-330847-383 device_id=esp32-field-01 decision=accepted reason=provider_admissible elapsed_ms=36
RESULT run_id=esp32-s3-02-10525871-2932 device_id=esp32-s3-02 decision=accepted reason=provider_admissible elapsed_ms=36
RESULT run_id=esp32-xiao-servo-02-10627582-851 device_id=esp32-xiao-servo-02 decision=accepted reason=provider_admissible elapsed_ms=35
RESULT run_id=esp32-field-01-331596-384 device_id=esp32-field-01 decision=accepted reason=provider_admissible elapsed_ms=40
RESULT run_id=esp32-field-01-332440-385 device_id=esp32-field-01 decision=accepted reason=provider_admissible elapsed_ms=33
RESULT run_id=esp32-field-01-333335-386 device_id=esp32-field-01 decision=accepted reason=provider_admissible elapsed_ms=36
RESULT run_id=esp32-s3-03-10553199-1886 device_id=esp32-s3-03 decision=accepted reason=provider_admissible elapsed_ms=43
RESULT run_id=esp32-field-01-334496-387 device_id=esp32-field-01 decision=accepted reason=provider_admissible elapsed_ms=38
RESULT run_id=esp32-s3-02-10529552-2933 device_id=esp32-s3-02 decision=accepted reason=provider_admissible elapsed_ms=32
RESULT run_id=esp32-field-01-334995-388 device_id=esp32-field-01 decision=accepted reason=provider_admissible elapsed_ms=33
RESULT run_id=esp32-xiao-servo-01-10624809-1119 device_id=esp32-xiao-servo-01 decision=accepted reason=provider_admissible elapsed_ms=32
RESULT run_id=esp32-field-01-335741-389 device_id=esp32-field-01 decision=accepted reason=provider_admissible elapsed_ms=34
RESULT run_id=esp32-field-01-336225-390 device_id=esp32-field-01 decision=accepted reason=provider_admissible elapsed_ms=48
RESULT run_id=esp32-field-01-337069-391 device_id=esp32-field-01 decision=accepted reason=provider_admissible elapsed_ms=37
RESULT run_id=esp32-field-01-337577-392 device_id=esp32-field-01 decision=accepted reason=provider_admissible elapsed_ms=36
RESULT run_id=esp32-s3-02-10533191-2934 device_id=esp32-s3-02 decision=accepted reason=provider_admissible elapsed_ms=40
RESULT run_id=esp32-field-01-338432-393 device_id=esp32-field-01 decision=accepted reason=provider_admissible elapsed_ms=32
RESULT run_id=esp32-s3-03-10558475-1887 device_id=esp32-s3-03 decision=accepted reason=provider_admissible elapsed_ms=183
RESULT run_id=esp32-field-01-339442-394 device_id=esp32-field-01 decision=accepted reason=provider_admissible elapsed_ms=35
RESULT run_id=esp32-field-01-340214-395 device_id=esp32-field-01 decision=accepted reason=provider_admissible elapsed_ms=36
RESULT run_id=esp32-field-01-340847-396 device_id=esp32-field-01 decision=accepted reason=provider_admissible elapsed_ms=36
RESULT run_id=esp32-field-01-341747-397 device_id=esp32-field-01 decision=accepted reason=provider_admissible elapsed_ms=35
RESULT run_id=esp32-s3-02-10537080-2935 device_id=esp32-s3-02 decision=accepted reason=provider_admissible elapsed_ms=40
RESULT run_id=esp32-field-01-342776-398 device_id=esp32-field-01 decision=accepted reason=provider_admissible elapsed_ms=34
RESULT run_id=esp32-field-01-343262-399 device_id=esp32-field-01 decision=accepted reason=provider_admissible elapsed_ms=39
RESULT run_id=esp32-xiao-servo-02-10640034-852 device_id=esp32-xiao-servo-02 decision=accepted reason=provider_admissible elapsed_ms=33
RESULT run_id=esp32-field-01-343998-400 device_id=esp32-field-01 decision=accepted reason=provider_admissible elapsed_ms=38
RESULT run_id=esp32-xiao-servo-01-10634450-1120 device_id=esp32-xiao-servo-01 decision=accepted reason=provider_admissible elapsed_ms=33
RESULT run_id=esp32-s3-03-10564396-1888 device_id=esp32-s3-03 decision=accepted reason=provider_admissible elapsed_ms=37
RESULT run_id=esp32-field-01-345091-401 device_id=esp32-field-01 decision=accepted reason=provider_admissible elapsed_ms=36
RESULT run_id=esp32-s3-02-10540492-2936 device_id=esp32-s3-02 decision=accepted reason=provider_admissible elapsed_ms=35
RESULT run_id=esp32-field-01-345739-402 device_id=esp32-field-01 decision=accepted reason=provider_admissible elapsed_ms=34
RESULT run_id=esp32-field-01-346671-403 device_id=esp32-field-01 decision=accepted reason=provider_admissible elapsed_ms=41
RESULT run_id=esp32-field-01-347214-404 device_id=esp32-field-01 decision=accepted reason=provider_admissible elapsed_ms=40
RESULT run_id=esp32-field-01-347969-405 device_id=esp32-field-01 decision=accepted reason=provider_admissible elapsed_ms=45
RESULT run_id=esp32-field-01-349106-406 device_id=esp32-field-01 decision=accepted reason=provider_admissible elapsed_ms=36
RESULT run_id=esp32-s3-02-10544059-2937 device_id=esp32-s3-02 decision=accepted reason=provider_admissible elapsed_ms=32
RESULT run_id=esp32-field-01-350160-407 device_id=esp32-field-01 decision=accepted reason=provider_admissible elapsed_ms=35
RESULT run_id=esp32-s3-03-10570002-1889 device_id=esp32-s3-03 decision=accepted reason=provider_admissible elapsed_ms=34
RESULT run_id=esp32-field-01-350664-408 device_id=esp32-field-01 decision=accepted reason=provider_admissible elapsed_ms=34
RESULT run_id=esp32-field-01-351757-409 device_id=esp32-field-01 decision=accepted reason=provider_admissible elapsed_ms=36
RESULT run_id=esp32-field-01-352486-410 device_id=esp32-field-01 decision=accepted reason=provider_admissible elapsed_ms=41
RESULT run_id=esp32-s3-02-10547744-2938 device_id=esp32-s3-02 decision=accepted reason=provider_admissible elapsed_ms=34
RESULT run_id=esp32-field-01-353543-411 device_id=esp32-field-01 decision=accepted reason=provider_admissible elapsed_ms=37
RESULT run_id=esp32-xiao-servo-01-10644270-1121 device_id=esp32-xiao-servo-01 decision=accepted reason=provider_admissible elapsed_ms=32
RESULT run_id=esp32-field-01-354668-412 device_id=esp32-field-01 decision=accepted reason=provider_admissible elapsed_ms=36
RESULT run_id=esp32-s3-03-10575305-1890 device_id=esp32-s3-03 decision=accepted reason=provider_admissible elapsed_ms=34
RESULT run_id=esp32-field-01-355807-413 device_id=esp32-field-01 decision=accepted reason=provider_admissible elapsed_ms=36
RESULT run_id=esp32-xiao-servo-02-10652472-853 device_id=esp32-xiao-servo-02 decision=accepted reason=provider_admissible elapsed_ms=32
RESULT run_id=esp32-s3-02-10551526-2939 device_id=esp32-s3-02 decision=accepted reason=provider_admissible elapsed_ms=42
RESULT run_id=esp32-field-01-356684-414 device_id=esp32-field-01 decision=accepted reason=provider_admissible elapsed_ms=33
RESULT run_id=esp32-field-01-357849-415 device_id=esp32-field-01 decision=accepted reason=provider_admissible elapsed_ms=33
RESULT run_id=esp32-field-01-358721-416 device_id=esp32-field-01 decision=accepted reason=provider_admissible elapsed_ms=39
RESULT run_id=esp32-field-01-359719-417 device_id=esp32-field-01 decision=accepted reason=provider_admissible elapsed_ms=44
RESULT run_id=esp32-s3-02-10554933-2940 device_id=esp32-s3-02 decision=accepted reason=provider_admissible elapsed_ms=40
RESULT run_id=esp32-field-01-360845-418 device_id=esp32-field-01 decision=accepted reason=provider_admissible elapsed_ms=37
RESULT run_id=esp32-s3-03-10580820-1891 device_id=esp32-s3-03 decision=accepted reason=provider_admissible elapsed_ms=46
RESULT run_id=esp32-field-01-361635-419 device_id=esp32-field-01 decision=accepted reason=provider_admissible elapsed_ms=32
RESULT run_id=esp32-field-01-362447-420 device_id=esp32-field-01 decision=accepted reason=provider_admissible elapsed_ms=34
RESULT run_id=esp32-field-01-363459-421 device_id=esp32-field-01 decision=accepted reason=provider_admissible elapsed_ms=32
RESULT run_id=esp32-s3-02-10558879-2941 device_id=esp32-s3-02 decision=accepted reason=provider_admissible elapsed_ms=37
RESULT run_id=esp32-xiao-servo-01-10654017-1122 device_id=esp32-xiao-servo-01 decision=accepted reason=provider_admissible elapsed_ms=36
RESULT run_id=esp32-field-01-364398-422 device_id=esp32-field-01 decision=accepted reason=provider_admissible elapsed_ms=34
RESULT run_id=esp32-field-01-365094-423 device_id=esp32-field-01 decision=accepted reason=provider_admissible elapsed_ms=42
RESULT run_id=esp32-field-01-365901-424 device_id=esp32-field-01 decision=accepted reason=provider_admissible elapsed_ms=35
RESULT run_id=esp32-s3-03-10586070-1892 device_id=esp32-s3-03 decision=accepted reason=provider_admissible elapsed_ms=38
RESULT run_id=esp32-field-01-367089-425 device_id=esp32-field-01 decision=accepted reason=provider_admissible elapsed_ms=39
RESULT run_id=esp32-s3-02-10562821-2942 device_id=esp32-s3-02 decision=accepted reason=provider_admissible elapsed_ms=34
RESULT run_id=esp32-field-01-368055-426 device_id=esp32-field-01 decision=accepted reason=provider_admissible elapsed_ms=32
RESULT run_id=esp32-field-01-368788-427 device_id=esp32-field-01 decision=accepted reason=provider_admissible elapsed_ms=35
RESULT run_id=esp32-xiao-servo-02-10665050-854 device_id=esp32-xiao-servo-02 decision=accepted reason=provider_admissible elapsed_ms=34
RESULT run_id=esp32-field-01-369881-428 device_id=esp32-field-01 decision=accepted reason=provider_admissible elapsed_ms=33
RESULT run_id=esp32-field-01-370766-429 device_id=esp32-field-01 decision=accepted reason=provider_admissible elapsed_ms=38
RESULT run_id=esp32-s3-02-10566148-2943 device_id=esp32-s3-02 decision=accepted reason=provider_admissible elapsed_ms=39
RESULT run_id=esp32-field-01-371707-430 device_id=esp32-field-01 decision=accepted reason=provider_admissible elapsed_ms=36
RESULT run_id=esp32-s3-03-10591769-1893 device_id=esp32-s3-03 decision=accepted reason=provider_admissible elapsed_ms=46
RESULT run_id=esp32-field-01-372487-431 device_id=esp32-field-01 decision=accepted reason=provider_admissible elapsed_ms=39
RESULT run_id=esp32-field-01-373167-432 device_id=esp32-field-01 decision=accepted reason=provider_admissible elapsed_ms=39
RESULT run_id=esp32-xiao-servo-01-10663526-1123 device_id=esp32-xiao-servo-01 decision=accepted reason=provider_admissible elapsed_ms=37
RESULT run_id=esp32-field-01-373834-433 device_id=esp32-field-01 decision=accepted reason=provider_admissible elapsed_ms=33
RESULT run_id=esp32-field-01-374349-434 device_id=esp32-field-01 decision=accepted reason=provider_admissible elapsed_ms=33
RESULT run_id=esp32-s3-02-10569874-2944 device_id=esp32-s3-02 decision=accepted reason=provider_admissible elapsed_ms=37
RESULT run_id=esp32-field-01-375286-435 device_id=esp32-field-01 decision=accepted reason=provider_admissible elapsed_ms=42
RESULT run_id=esp32-field-01-376219-436 device_id=esp32-field-01 decision=accepted reason=provider_admissible elapsed_ms=41
RESULT run_id=esp32-field-01-376762-437 device_id=esp32-field-01 decision=accepted reason=provider_admissible elapsed_ms=32
RESULT run_id=esp32-field-01-377352-438 device_id=esp32-field-01 decision=accepted reason=provider_admissible elapsed_ms=33
RESULT run_id=esp32-s3-03-10597446-1894 device_id=esp32-s3-03 decision=accepted reason=provider_admissible elapsed_ms=34
RESULT run_id=esp32-field-01-378032-439 device_id=esp32-field-01 decision=accepted reason=provider_admissible elapsed_ms=32
RESULT run_id=esp32-s3-02-10573380-2945 device_id=esp32-s3-02 decision=accepted reason=provider_admissible elapsed_ms=39
RESULT run_id=esp32-field-01-379057-440 device_id=esp32-field-01 decision=accepted reason=provider_admissible elapsed_ms=39
RESULT run_id=esp32-field-01-379859-441 device_id=esp32-field-01 decision=accepted reason=provider_admissible elapsed_ms=36
RESULT run_id=esp32-field-01-380913-442 device_id=esp32-field-01 decision=accepted reason=provider_admissible elapsed_ms=34
RESULT run_id=esp32-xiao-servo-02-10677629-855 device_id=esp32-xiao-servo-02 decision=accepted reason=provider_admissible elapsed_ms=30
RESULT run_id=esp32-field-01-381832-443 device_id=esp32-field-01 decision=accepted reason=provider_admissible elapsed_ms=38
RESULT run_id=esp32-field-01-382299-444 device_id=esp32-field-01 decision=accepted reason=provider_admissible elapsed_ms=38
RESULT run_id=esp32-s3-02-10577200-2946 device_id=esp32-s3-02 decision=accepted reason=provider_admissible elapsed_ms=36
RESULT run_id=esp32-field-01-383124-445 device_id=esp32-field-01 decision=accepted reason=provider_admissible elapsed_ms=40
RESULT run_id=esp32-s3-03-10602721-1895 device_id=esp32-s3-03 decision=accepted reason=provider_admissible elapsed_ms=33
RESULT run_id=esp32-xiao-servo-01-10673122-1124 device_id=esp32-xiao-servo-01 decision=accepted reason=provider_admissible elapsed_ms=33
RESULT run_id=esp32-field-01-383631-446 device_id=esp32-field-01 decision=accepted reason=provider_admissible elapsed_ms=38
RESULT run_id=esp32-field-01-384431-447 device_id=esp32-field-01 decision=accepted reason=provider_admissible elapsed_ms=35
RESULT run_id=esp32-field-01-385324-448 device_id=esp32-field-01 decision=accepted reason=provider_admissible elapsed_ms=38
RESULT run_id=esp32-s3-02-10580641-2947 device_id=esp32-s3-02 decision=accepted reason=provider_admissible elapsed_ms=39
RESULT run_id=esp32-field-01-385897-449 device_id=esp32-field-01 decision=accepted reason=provider_admissible elapsed_ms=36
RESULT run_id=esp32-field-01-386443-450 device_id=esp32-field-01 decision=accepted reason=provider_admissible elapsed_ms=40
RESULT run_id=esp32-field-01-387246-451 device_id=esp32-field-01 decision=accepted reason=provider_admissible elapsed_ms=37
RESULT run_id=esp32-field-01-387855-452 device_id=esp32-field-01 decision=accepted reason=provider_admissible elapsed_ms=36
RESULT run_id=esp32-field-01-388536-453 device_id=esp32-field-01 decision=accepted reason=provider_admissible elapsed_ms=34
RESULT run_id=esp32-s3-03-10608196-1896 device_id=esp32-s3-03 decision=accepted reason=provider_admissible elapsed_ms=32
RESULT run_id=esp32-s3-02-10584529-2948 device_id=esp32-s3-02 decision=accepted reason=provider_admissible elapsed_ms=33
RESULT run_id=esp32-field-01-389700-454 device_id=esp32-field-01 decision=accepted reason=provider_admissible elapsed_ms=35
RESULT run_id=esp32-field-01-390201-455 device_id=esp32-field-01 decision=accepted reason=provider_admissible elapsed_ms=36
RESULT run_id=esp32-field-01-390880-456 device_id=esp32-field-01 decision=accepted reason=provider_admissible elapsed_ms=38
RESULT run_id=esp32-field-01-391561-457 device_id=esp32-field-01 decision=accepted reason=provider_admissible elapsed_ms=42
RESULT run_id=esp32-field-01-392080-458 device_id=esp32-field-01 decision=accepted reason=provider_admissible elapsed_ms=31
RESULT run_id=esp32-xiao-servo-01-10682470-1125 device_id=esp32-xiao-servo-01 decision=accepted reason=provider_admissible elapsed_ms=35
RESULT run_id=esp32-field-01-393116-459 device_id=esp32-field-01 decision=accepted reason=provider_admissible elapsed_ms=31
RESULT run_id=esp32-s3-02-10588031-2949 device_id=esp32-s3-02 decision=accepted reason=provider_admissible elapsed_ms=35
RESULT run_id=esp32-xiao-servo-02-10690240-856 device_id=esp32-xiao-servo-02 decision=accepted reason=provider_admissible elapsed_ms=37
RESULT run_id=esp32-field-01-394060-460 device_id=esp32-field-01 decision=accepted reason=provider_admissible elapsed_ms=36
RESULT run_id=esp32-s3-03-10613634-1897 device_id=esp32-s3-03 decision=accepted reason=provider_admissible elapsed_ms=41
RESULT run_id=esp32-field-01-394731-461 device_id=esp32-field-01 decision=accepted reason=provider_admissible elapsed_ms=32
RESULT run_id=esp32-field-01-395780-462 device_id=esp32-field-01 decision=accepted reason=provider_admissible elapsed_ms=32
RESULT run_id=esp32-s3-02-10591443-2950 device_id=esp32-s3-02 decision=accepted reason=provider_admissible elapsed_ms=35
RESULT run_id=esp32-field-01-396796-463 device_id=esp32-field-01 decision=accepted reason=provider_admissible elapsed_ms=33
RESULT run_id=esp32-field-01-397331-464 device_id=esp32-field-01 decision=accepted reason=provider_admissible elapsed_ms=40
RESULT run_id=esp32-field-01-398403-465 device_id=esp32-field-01 decision=accepted reason=provider_admissible elapsed_ms=33
RESULT run_id=esp32-field-01-398977-466 device_id=esp32-field-01 decision=accepted reason=provider_admissible elapsed_ms=35
RESULT run_id=esp32-s3-03-10619167-1898 device_id=esp32-s3-03 decision=accepted reason=provider_admissible elapsed_ms=38
RESULT run_id=esp32-field-01-399792-467 device_id=esp32-field-01 decision=accepted reason=provider_admissible elapsed_ms=33
RESULT run_id=esp32-s3-02-10595304-2951 device_id=esp32-s3-02 decision=accepted reason=provider_admissible elapsed_ms=36
RESULT run_id=esp32-field-01-400577-468 device_id=esp32-field-01 decision=accepted reason=provider_admissible elapsed_ms=33
RESULT run_id=esp32-field-01-401784-469 device_id=esp32-field-01 decision=accepted reason=provider_admissible elapsed_ms=38
RESULT run_id=esp32-xiao-servo-01-10692087-1126 device_id=esp32-xiao-servo-01 decision=accepted reason=provider_admissible elapsed_ms=31
RESULT run_id=esp32-field-01-402569-470 device_id=esp32-field-01 decision=accepted reason=provider_admissible elapsed_ms=42
RESULT run_id=esp32-field-01-403180-471 device_id=esp32-field-01 decision=accepted reason=provider_admissible elapsed_ms=36
RESULT run_id=esp32-field-01-403923-472 device_id=esp32-field-01 decision=accepted reason=provider_admissible elapsed_ms=38
RESULT run_id=esp32-s3-02-10598979-2952 device_id=esp32-s3-02 decision=accepted reason=provider_admissible elapsed_ms=40
RESULT run_id=esp32-field-01-404967-473 device_id=esp32-field-01 decision=accepted reason=provider_admissible elapsed_ms=32
RESULT run_id=esp32-s3-03-10624596-1899 device_id=esp32-s3-03 decision=accepted reason=provider_admissible elapsed_ms=38
RESULT run_id=esp32-field-01-405729-474 device_id=esp32-field-01 decision=accepted reason=provider_admissible elapsed_ms=33
RESULT run_id=esp32-field-01-406706-475 device_id=esp32-field-01 decision=accepted reason=provider_admissible elapsed_ms=37
RESULT run_id=esp32-xiao-servo-02-10703089-857 device_id=esp32-xiao-servo-02 decision=accepted reason=provider_admissible elapsed_ms=33
RESULT run_id=esp32-field-01-407705-476 device_id=esp32-field-01 decision=accepted reason=provider_admissible elapsed_ms=40
RESULT run_id=esp32-s3-02-10602797-2953 device_id=esp32-s3-02 decision=accepted reason=provider_admissible elapsed_ms=37
RESULT run_id=esp32-field-01-408660-477 device_id=esp32-field-01 decision=accepted reason=provider_admissible elapsed_ms=39
RESULT run_id=esp32-field-01-409666-478 device_id=esp32-field-01 decision=accepted reason=provider_admissible elapsed_ms=32
RESULT run_id=esp32-s3-03-10629838-1900 device_id=esp32-s3-03 decision=accepted reason=provider_admissible elapsed_ms=32
RESULT run_id=esp32-field-01-410504-479 device_id=esp32-field-01 decision=accepted reason=provider_admissible elapsed_ms=31
RESULT run_id=esp32-field-01-411028-480 device_id=esp32-field-01 decision=accepted reason=provider_admissible elapsed_ms=33
RESULT run_id=esp32-s3-02-10606188-2954 device_id=esp32-s3-02 decision=accepted reason=provider_admissible elapsed_ms=35
RESULT run_id=esp32-field-01-411589-481 device_id=esp32-field-01 decision=accepted reason=provider_admissible elapsed_ms=37
RESULT run_id=esp32-xiao-servo-01-10701924-1127 device_id=esp32-xiao-servo-01 decision=accepted reason=provider_admissible elapsed_ms=35
RESULT run_id=esp32-field-01-412682-482 device_id=esp32-field-01 decision=accepted reason=provider_admissible elapsed_ms=37
RESULT run_id=esp32-field-01-413320-483 device_id=esp32-field-01 decision=accepted reason=provider_admissible elapsed_ms=38
RESULT run_id=esp32-field-01-414116-484 device_id=esp32-field-01 decision=accepted reason=provider_admissible elapsed_ms=32
RESULT run_id=esp32-field-01-414710-485 device_id=esp32-field-01 decision=accepted reason=provider_admissible elapsed_ms=33
RESULT run_id=esp32-s3-02-10610138-2955 device_id=esp32-s3-02 decision=accepted reason=provider_admissible elapsed_ms=40
RESULT run_id=esp32-s3-03-10635211-1901 device_id=esp32-s3-03 decision=accepted reason=provider_admissible elapsed_ms=31
RESULT run_id=esp32-field-01-415850-486 device_id=esp32-field-01 decision=accepted reason=provider_admissible elapsed_ms=32
RESULT run_id=esp32-field-01-416534-487 device_id=esp32-field-01 decision=accepted reason=provider_admissible elapsed_ms=37
RESULT run_id=esp32-field-01-417554-488 device_id=esp32-field-01 decision=accepted reason=provider_admissible elapsed_ms=38
RESULT run_id=esp32-field-01-418600-489 device_id=esp32-field-01 decision=accepted reason=provider_admissible elapsed_ms=33
RESULT run_id=esp32-xiao-servo-02-10715250-858 device_id=esp32-xiao-servo-02 decision=accepted reason=provider_admissible elapsed_ms=35
RESULT run_id=esp32-field-01-419067-490 device_id=esp32-field-01 decision=accepted reason=provider_admissible elapsed_ms=37
RESULT run_id=esp32-s3-02-10614081-2956 device_id=esp32-s3-02 decision=accepted reason=provider_admissible elapsed_ms=34
RESULT run_id=esp32-field-01-419902-491 device_id=esp32-field-01 decision=accepted reason=provider_admissible elapsed_ms=40
RESULT run_id=esp32-field-01-420731-492 device_id=esp32-field-01 decision=accepted reason=provider_admissible elapsed_ms=36
RESULT run_id=esp32-s3-03-10640906-1902 device_id=esp32-s3-03 decision=accepted reason=provider_admissible elapsed_ms=32
RESULT run_id=esp32-field-01-421416-493 device_id=esp32-field-01 decision=accepted reason=provider_admissible elapsed_ms=43
RESULT run_id=esp32-xiao-servo-01-10711391-1128 device_id=esp32-xiao-servo-01 decision=accepted reason=provider_admissible elapsed_ms=33
RESULT run_id=esp32-field-01-421929-494 device_id=esp32-field-01 decision=accepted reason=provider_admissible elapsed_ms=40
RESULT run_id=esp32-s3-02-10617559-2957 device_id=esp32-s3-02 decision=accepted reason=provider_admissible elapsed_ms=38
RESULT run_id=esp32-field-01-422724-495 device_id=esp32-field-01 decision=accepted reason=provider_admissible elapsed_ms=38
RESULT run_id=esp32-field-01-423488-496 device_id=esp32-field-01 decision=accepted reason=provider_admissible elapsed_ms=32
RESULT run_id=esp32-field-01-424274-497 device_id=esp32-field-01 decision=accepted reason=provider_admissible elapsed_ms=35
RESULT run_id=esp32-field-01-425167-498 device_id=esp32-field-01 decision=accepted reason=provider_admissible elapsed_ms=31
RESULT run_id=esp32-field-01-425677-499 device_id=esp32-field-01 decision=accepted reason=provider_admissible elapsed_ms=40
RESULT run_id=esp32-field-01-426446-500 device_id=esp32-field-01 decision=accepted reason=provider_admissible elapsed_ms=33
RESULT run_id=esp32-s3-02-10621516-2958 device_id=esp32-s3-02 decision=accepted reason=provider_admissible elapsed_ms=37
RESULT run_id=esp32-s3-03-10646570-1903 device_id=esp32-s3-03 decision=accepted reason=provider_admissible elapsed_ms=37
RESULT run_id=esp32-field-01-427192-501 device_id=esp32-field-01 decision=accepted reason=provider_admissible elapsed_ms=31
RESULT run_id=esp32-field-01-427745-502 device_id=esp32-field-01 decision=accepted reason=provider_admissible elapsed_ms=43
RESULT run_id=esp32-field-01-428824-503 device_id=esp32-field-01 decision=accepted reason=provider_admissible elapsed_ms=36
RESULT run_id=esp32-field-01-429873-504 device_id=esp32-field-01 decision=accepted reason=provider_admissible elapsed_ms=32
RESULT run_id=esp32-field-01-430399-505 device_id=esp32-field-01 decision=accepted reason=provider_admissible elapsed_ms=33
RESULT run_id=esp32-s3-02-10625334-2959 device_id=esp32-s3-02 decision=accepted reason=provider_admissible elapsed_ms=36
RESULT run_id=esp32-field-01-430870-506 device_id=esp32-field-01 decision=accepted reason=provider_admissible elapsed_ms=34
RESULT run_id=esp32-xiao-servo-01-10721260-1129 device_id=esp32-xiao-servo-01 decision=accepted reason=provider_admissible elapsed_ms=32
RESULT run_id=esp32-field-01-431786-507 device_id=esp32-field-01 decision=accepted reason=provider_admissible elapsed_ms=37
RESULT run_id=esp32-xiao-servo-02-10728063-859 device_id=esp32-xiao-servo-02 decision=accepted reason=provider_admissible elapsed_ms=34
RESULT run_id=esp32-field-01-432500-508 device_id=esp32-field-01 decision=accepted reason=provider_admissible elapsed_ms=40
RESULT run_id=esp32-s3-03-10652278-1904 device_id=esp32-s3-03 decision=accepted reason=provider_admissible elapsed_ms=37
RESULT run_id=esp32-field-01-433508-509 device_id=esp32-field-01 decision=accepted reason=provider_admissible elapsed_ms=39
RESULT run_id=esp32-s3-02-10628721-2960 device_id=esp32-s3-02 decision=accepted reason=provider_admissible elapsed_ms=34
RESULT run_id=esp32-field-01-434397-510 device_id=esp32-field-01 decision=accepted reason=provider_admissible elapsed_ms=42
RESULT run_id=esp32-field-01-435381-511 device_id=esp32-field-01 decision=accepted reason=provider_admissible elapsed_ms=34
RESULT run_id=esp32-field-01-436237-512 device_id=esp32-field-01 decision=accepted reason=provider_admissible elapsed_ms=33
RESULT run_id=esp32-field-01-436991-513 device_id=esp32-field-01 decision=accepted reason=provider_admissible elapsed_ms=38
RESULT run_id=esp32-s3-02-10632440-2961 device_id=esp32-s3-02 decision=accepted reason=provider_admissible elapsed_ms=39
RESULT run_id=esp32-field-01-437661-514 device_id=esp32-field-01 decision=accepted reason=provider_admissible elapsed_ms=36
RESULT run_id=esp32-field-01-438546-515 device_id=esp32-field-01 decision=accepted reason=provider_admissible elapsed_ms=41
RESULT run_id=esp32-s3-03-10658125-1905 device_id=esp32-s3-03 decision=accepted reason=provider_admissible elapsed_ms=45
RESULT run_id=esp32-field-01-439716-516 device_id=esp32-field-01 decision=accepted reason=provider_admissible elapsed_ms=33
RESULT run_id=esp32-field-01-440250-517 device_id=esp32-field-01 decision=accepted reason=provider_admissible elapsed_ms=38
RESULT run_id=esp32-field-01-440875-518 device_id=esp32-field-01 decision=accepted reason=provider_admissible elapsed_ms=39
RESULT run_id=esp32-xiao-servo-01-10730755-1130 device_id=esp32-xiao-servo-01 decision=accepted reason=provider_admissible elapsed_ms=32
RESULT run_id=esp32-s3-02-10636194-2962 device_id=esp32-s3-02 decision=accepted reason=provider_admissible elapsed_ms=35
RESULT run_id=esp32-field-01-441981-519 device_id=esp32-field-01 decision=accepted reason=provider_admissible elapsed_ms=37
RESULT run_id=esp32-field-01-442736-520 device_id=esp32-field-01 decision=accepted reason=provider_admissible elapsed_ms=32
RESULT run_id=esp32-field-01-443602-521 device_id=esp32-field-01 decision=accepted reason=provider_admissible elapsed_ms=32
RESULT run_id=esp32-s3-03-10663570-1906 device_id=esp32-s3-03 decision=accepted reason=provider_admissible elapsed_ms=38
RESULT run_id=esp32-field-01-444195-522 device_id=esp32-field-01 decision=accepted reason=provider_admissible elapsed_ms=31
RESULT run_id=esp32-xiao-servo-02-10740474-860 device_id=esp32-xiao-servo-02 decision=accepted reason=provider_admissible elapsed_ms=34
RESULT run_id=esp32-s3-02-10639458-2963 device_id=esp32-s3-02 decision=accepted reason=provider_admissible elapsed_ms=33
RESULT run_id=esp32-field-01-445123-523 device_id=esp32-field-01 decision=accepted reason=provider_admissible elapsed_ms=38
RESULT run_id=esp32-field-01-445808-524 device_id=esp32-field-01 decision=accepted reason=provider_admissible elapsed_ms=36
RESULT run_id=esp32-field-01-446593-525 device_id=esp32-field-01 decision=accepted reason=provider_admissible elapsed_ms=34
RESULT run_id=esp32-field-01-447787-526 device_id=esp32-field-01 decision=accepted reason=provider_admissible elapsed_ms=37
RESULT run_id=esp32-s3-02-10642860-2964 device_id=esp32-s3-02 decision=accepted reason=provider_admissible elapsed_ms=35
RESULT run_id=esp32-field-01-448921-527 device_id=esp32-field-01 decision=accepted reason=provider_admissible elapsed_ms=36
RESULT run_id=esp32-s3-03-10668885-1907 device_id=esp32-s3-03 decision=accepted reason=provider_admissible elapsed_ms=35
RESULT run_id=esp32-field-01-450026-528 device_id=esp32-field-01 decision=accepted reason=provider_admissible elapsed_ms=36
